Configuration on demand is an incubating feature.
> Task :app:preBuild UP-TO-DATE
> Task :app:preDebugBuild UP-TO-DATE
> Task :app:mergeDebugNativeDebugMetadata NO-SOURCE
> Task :app:checkKotlinGradlePluginConfigurationErrors SKIPPED
> Task :app:checkDebugAarMetadata UP-TO-DATE
> Task :app:processDebugNavigationResources UP-TO-DATE
> Task :app:compileDebugNavigationResources UP-TO-DATE
> Task :app:generateDebugResValues UP-TO-DATE
> Task :app:mapDebugSourceSetPaths UP-TO-DATE
> Task :app:generateDebugResources UP-TO-DATE
> Task :app:mergeDebugResources UP-TO-DATE
> Task :app:packageDebugResources UP-TO-DATE
> Task :app:parseDebugLocalResources UP-TO-DATE
> Task :app:createDebugCompatibleScreenManifests UP-TO-DATE
> Task :app:extractDeepLinksDebug UP-TO-DATE
> Task :app:processDebugMainManifest UP-TO-DATE
> Task :app:processDebugManifest UP-TO-DATE
> Task :app:processDebugManifestForPackage UP-TO-DATE
> Task :app:processDebugResources UP-TO-DATE
> Task :app:javaPreCompileDebug UP-TO-DATE
> Task :app:mergeDebugShaders UP-TO-DATE
> Task :app:compileDebugShaders NO-SOURCE
> Task :app:generateDebugAssets UP-TO-DATE
> Task :app:mergeDebugAssets UP-TO-DATE
> Task :app:compressDebugAssets UP-TO-DATE
> Task :app:checkDebugDuplicateClasses UP-TO-DATE
> Task :app:desugarDebugFileDependencies UP-TO-DATE
> Task :app:mergeExtDexDebug UP-TO-DATE
> Task :app:mergeLibDexDebug UP-TO-DATE
> Task :app:mergeDebugJniLibFolders UP-TO-DATE
> Task :app:mergeDebugNativeLibs UP-TO-DATE
> Task :app:stripDebugDebugSymbols UP-TO-DATE
> Task :app:validateSigningDebug UP-TO-DATE
> Task :app:writeDebugAppMetadata UP-TO-DATE
> Task :app:writeDebugSigningConfigVersions UP-TO-DATE

> Task :app:compileDebugKotlin FAILED
./gradlew.bat : e: file:///C:/Users/kasutaja/Documents/Ahti/AndroidProjects/audioloop
/app/src/main/java/com/example/audioloop/ui/AudioLoopMainScreen.kt:803:13 Syntax erro
r: Expecting a top level declaration.
At line:1 char:1
+ ./gradlew.bat assembleDebug > build_output.txt 2>&1
+ ~~~~~~~~~~~~~~~~~~~~~~~~~~~~~~~~~~~~~~~~~~~~~~~~~~~
    + CategoryInfo          : NotSpecified: (e: file:///C:/U...el declaration.:Strin 
   g) [], RemoteException
    + FullyQualifiedErrorId : NativeCommandError
 
e: file:///C:/Users/kasutaja/Documents/Ahti/AndroidProjects/audioloop/app/src/main/ja
va/com/example/audioloop/ui/AudioLoopMainScreen.kt:803:31 Syntax error: Expecting a t
op level declaration.
e: file:///C:/Users/kasutaja/Documents/Ahti/AndroidProjects/audioloop/app/src/main/ja
va/com/example/audioloop/ui/AudioLoopMainScreen.kt:803:32 Syntax error: Expecting a t
op level declaration.
e: file:///C:/Users/kasutaja/Documents/Ahti/AndroidProjects/audioloop/app/src/main/ja
va/com/example/audioloop/ui/AudioLoopMainScreen.kt:803:40 Syntax error: Expecting a t
op level declaration.
e: file:///C:/Users/kasutaja/Documents/Ahti/AndroidProjects/audioloop/app/src/main/ja
va/com/example/audioloop/ui/AudioLoopMainScreen.kt:803:42 Syntax error: Expecting a t
op level declaration.
e: file:///C:/Users/kasutaja/Documents/Ahti/AndroidProjects/audioloop/app/src/main/ja
va/com/example/audioloop/ui/AudioLoopMainScreen.kt:803:59 Syntax error: Expecting a t
op level declaration.
e: file:///C:/Users/kasutaja/Documents/Ahti/AndroidProjects/audioloop/app/src/main/ja
va/com/example/audioloop/ui/AudioLoopMainScreen.kt:803:61 Syntax error: Expecting a t
op level declaration.
e: file:///C:/Users/kasutaja/Documents/Ahti/AndroidProjects/audioloop/app/src/main/ja
va/com/example/audioloop/ui/AudioLoopMainScreen.kt:803:61 Functions which invoke @Com
posable functions must be marked with the @Composable annotation
e: file:///C:/Users/kasutaja/Documents/Ahti/AndroidProjects/audioloop/app/src/main/ja
va/com/example/audioloop/ui/AudioLoopMainScreen.kt:803:61 Function declaration must h
ave a name.
e: file:///C:/Users/kasutaja/Documents/Ahti/AndroidProjects/audioloop/app/src/main/ja
va/com/example/audioloop/ui/AudioLoopMainScreen.kt:804:17 @Composable invocations can
 only happen from the context of a @Composable function
e: file:///C:/Users/kasutaja/Documents/Ahti/AndroidProjects/audioloop/app/src/main/ja
va/com/example/audioloop/ui/AudioLoopMainScreen.kt:806:38 Unresolved reference 'categ
ories'.
e: file:///C:/Users/kasutaja/Documents/Ahti/AndroidProjects/audioloop/app/src/main/ja
va/com/example/audioloop/ui/AudioLoopMainScreen.kt:807:43 Unresolved reference 'curre
ntCategory'.
e: file:///C:/Users/kasutaja/Documents/Ahti/AndroidProjects/audioloop/app/src/main/ja
va/com/example/audioloop/ui/AudioLoopMainScreen.kt:808:36 Unresolved reference 'onCat
egoryChange'.
e: file:///C:/Users/kasutaja/Documents/Ahti/AndroidProjects/audioloop/app/src/main/ja
va/com/example/audioloop/ui/AudioLoopMainScreen.kt:809:33 Unresolved reference 'onAdd
Category'.
e: file:///C:/Users/kasutaja/Documents/Ahti/AndroidProjects/audioloop/app/src/main/ja
va/com/example/audioloop/ui/AudioLoopMainScreen.kt:810:36 Unresolved reference 'onRen
ameCategory'.
e: file:///C:/Users/kasutaja/Documents/Ahti/AndroidProjects/audioloop/app/src/main/ja
va/com/example/audioloop/ui/AudioLoopMainScreen.kt:811:36 Unresolved reference 'onDel
eteCategory'.
e: file:///C:/Users/kasutaja/Documents/Ahti/AndroidProjects/audioloop/app/src/main/ja
va/com/example/audioloop/ui/AudioLoopMainScreen.kt:812:37 Unresolved reference 'onReo
rderCategories'.
e: file:///C:/Users/kasutaja/Documents/Ahti/AndroidProjects/audioloop/app/src/main/ja
va/com/example/audioloop/ui/AudioLoopMainScreen.kt:813:37 Unresolved reference 'showC
ategorySheet'.
e: file:///C:/Users/kasutaja/Documents/Ahti/AndroidProjects/audioloop/app/src/main/ja
va/com/example/audioloop/ui/AudioLoopMainScreen.kt:814:39 Unresolved reference 'theme
Colors'.
e: file:///C:/Users/kasutaja/Documents/Ahti/AndroidProjects/audioloop/app/src/main/ja
va/com/example/audioloop/ui/AudioLoopMainScreen.kt:819:13 Syntax error: Expecting a t
op level declaration.
e: file:///C:/Users/kasutaja/Documents/Ahti/AndroidProjects/audioloop/app/src/main/ja
va/com/example/audioloop/ui/AudioLoopMainScreen.kt:819:16 Syntax error: Expecting a t
op level declaration.
e: file:///C:/Users/kasutaja/Documents/Ahti/AndroidProjects/audioloop/app/src/main/ja
va/com/example/audioloop/ui/AudioLoopMainScreen.kt:819:17 Syntax error: Expecting a t
op level declaration.
e: file:///C:/Users/kasutaja/Documents/Ahti/AndroidProjects/audioloop/app/src/main/ja
va/com/example/audioloop/ui/AudioLoopMainScreen.kt:819:18 Syntax error: Expecting a t
op level declaration.
e: file:///C:/Users/kasutaja/Documents/Ahti/AndroidProjects/audioloop/app/src/main/ja
va/com/example/audioloop/ui/AudioLoopMainScreen.kt:819:35 Syntax error: Expecting a t
op level declaration.
e: file:///C:/Users/kasutaja/Documents/Ahti/AndroidProjects/audioloop/app/src/main/ja
va/com/example/audioloop/ui/AudioLoopMainScreen.kt:819:37 Syntax error: Expecting a t
op level declaration.
e: file:///C:/Users/kasutaja/Documents/Ahti/AndroidProjects/audioloop/app/src/main/ja
va/com/example/audioloop/ui/AudioLoopMainScreen.kt:819:37 Functions which invoke @Com
posable functions must be marked with the @Composable annotation
e: file:///C:/Users/kasutaja/Documents/Ahti/AndroidProjects/audioloop/app/src/main/ja
va/com/example/audioloop/ui/AudioLoopMainScreen.kt:819:37 Function declaration must h
ave a name.
e: file:///C:/Users/kasutaja/Documents/Ahti/AndroidProjects/audioloop/app/src/main/ja
va/com/example/audioloop/ui/AudioLoopMainScreen.kt:820:17 @Composable invocations can
 only happen from the context of a @Composable function
e: file:///C:/Users/kasutaja/Documents/Ahti/AndroidProjects/audioloop/app/src/main/ja
va/com/example/audioloop/ui/AudioLoopMainScreen.kt:822:17 @Composable invocations can
 only happen from the context of a @Composable function
e: file:///C:/Users/kasutaja/Documents/Ahti/AndroidProjects/audioloop/app/src/main/ja
va/com/example/audioloop/ui/AudioLoopMainScreen.kt:824:26 Expression 'weight' of type
 'kotlin.Float' cannot be invoked as a function. Function 'invoke()' is not found.
e: file:///C:/Users/kasutaja/Documents/Ahti/AndroidProjects/audioloop/app/src/main/ja
va/com/example/audioloop/ui/AudioLoopMainScreen.kt:835:29 Unresolved reference 'isSel
ectionMode'.
e: file:///C:/Users/kasutaja/Documents/Ahti/AndroidProjects/audioloop/app/src/main/ja
va/com/example/audioloop/ui/AudioLoopMainScreen.kt:835:48 Unresolved reference 'selec
tedFiles'.
e: file:///C:/Users/kasutaja/Documents/Ahti/AndroidProjects/audioloop/app/src/main/ja
va/com/example/audioloop/ui/AudioLoopMainScreen.kt:842:64 Unresolved reference 'selec
tedFiles'.
e: file:///C:/Users/kasutaja/Documents/Ahti/AndroidProjects/audioloop/app/src/main/ja
va/com/example/audioloop/ui/AudioLoopMainScreen.kt:843:76 Overload resolution ambigui
ty between candidates:
fun <T, R : Any> Array<out T>.mapNotNull(transform: (T) -> R?): List<R>
fun <T, R : Any> Iterable<T>.mapNotNull(transform: (T) -> R?): List<R>
fun <K, V, R : Any> Map<out K, V>.mapNotNull(transform: (Map.Entry<K, V>) -> R?): Lis
t<R>
fun <T, R : Any> Sequence<T>.mapNotNull(transform: (T) -> R?): Sequence<R>
fun <R : Any> CharSequence.mapNotNull(transform: (Char) -> R?): List<R>
e: file:///C:/Users/kasutaja/Documents/Ahti/AndroidProjects/audioloop/app/src/main/ja
va/com/example/audioloop/ui/AudioLoopMainScreen.kt:843:89 Cannot infer type for this 
parameter. Please specify it explicitly.
e: file:///C:/Users/kasutaja/Documents/Ahti/AndroidProjects/audioloop/app/src/main/ja
va/com/example/audioloop/ui/AudioLoopMainScreen.kt:844:45 Unresolved reference 'recor
dingItems'.
e: file:///C:/Users/kasutaja/Documents/Ahti/AndroidProjects/audioloop/app/src/main/ja
va/com/example/audioloop/ui/AudioLoopMainScreen.kt:844:67 Unresolved reference 'it'.
e: file:///C:/Users/kasutaja/Documents/Ahti/AndroidProjects/audioloop/app/src/main/ja
va/com/example/audioloop/ui/AudioLoopMainScreen.kt:846:57 Overload resolution ambigui
ty between candidates:
fun <T> Array<out T>.isNotEmpty(): Boolean
fun BooleanArray.isNotEmpty(): Boolean
fun ByteArray.isNotEmpty(): Boolean
fun CharArray.isNotEmpty(): Boolean
fun DoubleArray.isNotEmpty(): Boolean
fun FloatArray.isNotEmpty(): Boolean
fun IntArray.isNotEmpty(): Boolean
fun LongArray.isNotEmpty(): Boolean
fun ShortArray.isNotEmpty(): Boolean
fun <T> Collection<T>.isNotEmpty(): Boolean
fun <K, V> Map<out K, V>.isNotEmpty(): Boolean
fun CharSequence.isNotEmpty(): Boolean
e: file:///C:/Users/kasutaja/Documents/Ahti/AndroidProjects/audioloop/app/src/main/ja
va/com/example/audioloop/ui/AudioLoopMainScreen.kt:847:45 Unresolved reference 'playi
ngPlaylistFiles'.
e: file:///C:/Users/kasutaja/Documents/Ahti/AndroidProjects/audioloop/app/src/main/ja
va/com/example/audioloop/ui/AudioLoopMainScreen.kt:847:80 Overload resolution ambigui
ty between candidates:
fun <R, T> Result<T>.map(transform: (@ParameterName(...) T) -> R): Result<R>
    [R|Contract description]
     <
        CallsInPlace(transform, AT_MOST_ONCE)
    >
fun <T, R> Array<out T>.map(transform: (T) -> R): List<R>
fun <R> BooleanArray.map(transform: (Boolean) -> R): List<R>
fun <R> ByteArray.map(transform: (Byte) -> R): List<R>
fun <R> CharArray.map(transform: (Char) -> R): List<R>
fun <R> DoubleArray.map(transform: (Double) -> R): List<R>
fun <R> FloatArray.map(transform: (Float) -> R): List<R>
fun <R> IntArray.map(transform: (Int) -> R): List<R>
fun <R> LongArray.map(transform: (Long) -> R): List<R>
fun <R> ShortArray.map(transform: (Short) -> R): List<R>
fun <T, R> Iterable<T>.map(transform: (T) -> R): List<R>
fun <K, V, R> Map<out K, V>.map(transform: (Map.Entry<K, V>) -> R): List<R>
fun <R> UByteArray.map(transform: (UByte) -> R): List<R>
fun <R> UIntArray.map(transform: (UInt) -> R): List<R>
fun <R> ULongArray.map(transform: (ULong) -> R): List<R>
fun <R> UShortArray.map(transform: (UShort) -> R): List<R>
fun <T, R> Sequence<T>.map(transform: (T) -> R): Sequence<R>
fun <R> CharSequence.map(transform: (Char) -> R): List<R>
e: file:///C:/Users/kasutaja/Documents/Ahti/AndroidProjects/audioloop/app/src/main/ja
va/com/example/audioloop/ui/AudioLoopMainScreen.kt:847:84 Unresolved reference 'name'
.
e: file:///C:/Users/kasutaja/Documents/Ahti/AndroidProjects/audioloop/app/src/main/ja
va/com/example/audioloop/ui/AudioLoopMainScreen.kt:847:86 Unresolved reference 'it'.
e: file:///C:/Users/kasutaja/Documents/Ahti/AndroidProjects/audioloop/app/src/main/ja
va/com/example/audioloop/ui/AudioLoopMainScreen.kt:848:45 Unresolved reference 'onSta
rtPlaylist'.
e: file:///C:/Users/kasutaja/Documents/Ahti/AndroidProjects/audioloop/app/src/main/ja
va/com/example/audioloop/ui/AudioLoopMainScreen.kt:848:74 Unresolved reference 'selec
tedLoopCount'.
e: file:///C:/Users/kasutaja/Documents/Ahti/AndroidProjects/audioloop/app/src/main/ja
va/com/example/audioloop/ui/AudioLoopMainScreen.kt:848:99 Unresolved reference 'selec
tedSpeed'.
e: file:///C:/Users/kasutaja/Documents/Ahti/AndroidProjects/audioloop/app/src/main/ja
va/com/example/audioloop/ui/AudioLoopMainScreen.kt:849:49 Unresolved reference 'playi
ngPlaylistFiles'.
e: file:///C:/Users/kasutaja/Documents/Ahti/AndroidProjects/audioloop/app/src/main/ja
va/com/example/audioloop/ui/AudioLoopMainScreen.kt:849:72 Cannot infer type for this 
parameter. Please specify it explicitly.
e: file:///C:/Users/kasutaja/Documents/Ahti/AndroidProjects/audioloop/app/src/main/ja
va/com/example/audioloop/ui/AudioLoopMainScreen.kt:849:72 Not enough information to i
nfer type argument for 'T'.
e: file:///C:/Users/kasutaja/Documents/Ahti/AndroidProjects/audioloop/app/src/main/ja
va/com/example/audioloop/ui/AudioLoopMainScreen.kt:851:45 Unresolved reference 'isSel
ectionMode'.
e: file:///C:/Users/kasutaja/Documents/Ahti/AndroidProjects/audioloop/app/src/main/ja
va/com/example/audioloop/ui/AudioLoopMainScreen.kt:852:45 Unresolved reference 'selec
tedFiles'.
e: file:///C:/Users/kasutaja/Documents/Ahti/AndroidProjects/audioloop/app/src/main/ja
va/com/example/audioloop/ui/AudioLoopMainScreen.kt:852:61 Cannot infer type for this 
parameter. Please specify it explicitly.
e: file:///C:/Users/kasutaja/Documents/Ahti/AndroidProjects/audioloop/app/src/main/ja
va/com/example/audioloop/ui/AudioLoopMainScreen.kt:852:61 Not enough information to i
nfer type argument for 'T'.
e: file:///C:/Users/kasutaja/Documents/Ahti/AndroidProjects/audioloop/app/src/main/ja
va/com/example/audioloop/ui/AudioLoopMainScreen.kt:855:91 Unresolved reference 'theme
Colors'.
e: file:///C:/Users/kasutaja/Documents/Ahti/AndroidProjects/audioloop/app/src/main/ja
va/com/example/audioloop/ui/AudioLoopMainScreen.kt:859:50 Unresolved reference 'selec
tedFiles'.
e: file:///C:/Users/kasutaja/Documents/Ahti/AndroidProjects/audioloop/app/src/main/ja
va/com/example/audioloop/ui/AudioLoopMainScreen.kt:861:37 Unresolved reference 'selec
tedFiles'.
e: file:///C:/Users/kasutaja/Documents/Ahti/AndroidProjects/audioloop/app/src/main/ja
va/com/example/audioloop/ui/AudioLoopMainScreen.kt:861:56 'operator' modifier is requ
ired on 'FirNamedFunctionSymbol kotlin/compareTo' in 'compareTo'.
e: file:///C:/Users/kasutaja/Documents/Ahti/AndroidProjects/audioloop/app/src/main/ja
va/com/example/audioloop/ui/AudioLoopMainScreen.kt:864:68 Unresolved reference 'selec
tedFiles'.
e: file:///C:/Users/kasutaja/Documents/Ahti/AndroidProjects/audioloop/app/src/main/ja
va/com/example/audioloop/ui/AudioLoopMainScreen.kt:865:81 Overload resolution ambigui
ty between candidates:
fun <T, R : Any> Array<out T>.mapNotNull(transform: (T) -> R?): List<R>
fun <T, R : Any> Iterable<T>.mapNotNull(transform: (T) -> R?): List<R>
fun <K, V, R : Any> Map<out K, V>.mapNotNull(transform: (Map.Entry<K, V>) -> R?): Lis
t<R>
fun <T, R : Any> Sequence<T>.mapNotNull(transform: (T) -> R?): Sequence<R>
fun <R : Any> CharSequence.mapNotNull(transform: (Char) -> R?): List<R>
e: file:///C:/Users/kasutaja/Documents/Ahti/AndroidProjects/audioloop/app/src/main/ja
va/com/example/audioloop/ui/AudioLoopMainScreen.kt:865:94 Cannot infer type for this 
parameter. Please specify it explicitly.
e: file:///C:/Users/kasutaja/Documents/Ahti/AndroidProjects/audioloop/app/src/main/ja
va/com/example/audioloop/ui/AudioLoopMainScreen.kt:866:49 Unresolved reference 'recor
dingItems'.
e: file:///C:/Users/kasutaja/Documents/Ahti/AndroidProjects/audioloop/app/src/main/ja
va/com/example/audioloop/ui/AudioLoopMainScreen.kt:866:71 Unresolved reference 'it'.
e: file:///C:/Users/kasutaja/Documents/Ahti/AndroidProjects/audioloop/app/src/main/ja
va/com/example/audioloop/ui/AudioLoopMainScreen.kt:868:62 Function invocation 'size(.
..)' expected.
e: file:///C:/Users/kasutaja/Documents/Ahti/AndroidProjects/audioloop/app/src/main/ja
va/com/example/audioloop/ui/AudioLoopMainScreen.kt:868:67 'operator' modifier is requ
ired on 'FirNamedFunctionSymbol kotlin/compareTo' in 'compareTo'.
e: file:///C:/Users/kasutaja/Documents/Ahti/AndroidProjects/audioloop/app/src/main/ja
va/com/example/audioloop/ui/AudioLoopMainScreen.kt:869:49 Unresolved reference 'onMer
geFiles'.
e: file:///C:/Users/kasutaja/Documents/Ahti/AndroidProjects/audioloop/app/src/main/ja
va/com/example/audioloop/ui/AudioLoopMainScreen.kt:870:49 Unresolved reference 'isSel
ectionMode'.
e: file:///C:/Users/kasutaja/Documents/Ahti/AndroidProjects/audioloop/app/src/main/ja
va/com/example/audioloop/ui/AudioLoopMainScreen.kt:871:49 Unresolved reference 'selec
tedFiles'.
e: file:///C:/Users/kasutaja/Documents/Ahti/AndroidProjects/audioloop/app/src/main/ja
va/com/example/audioloop/ui/AudioLoopMainScreen.kt:871:65 Cannot infer type for this 
parameter. Please specify it explicitly.
e: file:///C:/Users/kasutaja/Documents/Ahti/AndroidProjects/audioloop/app/src/main/ja
va/com/example/audioloop/ui/AudioLoopMainScreen.kt:871:65 Not enough information to i
nfer type argument for 'T'.
e: file:///C:/Users/kasutaja/Documents/Ahti/AndroidProjects/audioloop/app/src/main/ja
va/com/example/audioloop/ui/AudioLoopMainScreen.kt:874:95 Unresolved reference 'theme
Colors'.
e: file:///C:/Users/kasutaja/Documents/Ahti/AndroidProjects/audioloop/app/src/main/ja
va/com/example/audioloop/ui/AudioLoopMainScreen.kt:878:55 Unresolved reference 'selec
tedFiles'.
e: file:///C:/Users/kasutaja/Documents/Ahti/AndroidProjects/audioloop/app/src/main/ja
va/com/example/audioloop/ui/AudioLoopMainScreen.kt:884:49 Unresolved reference 'curre
ntCategory'.
e: file:///C:/Users/kasutaja/Documents/Ahti/AndroidProjects/audioloop/app/src/main/ja
va/com/example/audioloop/ui/AudioLoopMainScreen.kt:887:34 Unresolved reference 'isSel
ectionMode'.
e: file:///C:/Users/kasutaja/Documents/Ahti/AndroidProjects/audioloop/app/src/main/ja
va/com/example/audioloop/ui/AudioLoopMainScreen.kt:889:49 Unresolved reference 'fileP
ickerLauncher'.
e: file:///C:/Users/kasutaja/Documents/Ahti/AndroidProjects/audioloop/app/src/main/ja
va/com/example/audioloop/ui/AudioLoopMainScreen.kt:891:91 Unresolved reference 'theme
Colors'.
e: file:///C:/Users/kasutaja/Documents/Ahti/AndroidProjects/audioloop/app/src/main/ja
va/com/example/audioloop/ui/AudioLoopMainScreen.kt:902:46 Unresolved reference 'curre
ntlyPlayingPlaylistId'.
e: file:///C:/Users/kasutaja/Documents/Ahti/AndroidProjects/audioloop/app/src/main/ja
va/com/example/audioloop/ui/AudioLoopMainScreen.kt:903:25 Unresolved reference 'playl
ists'.
e: file:///C:/Users/kasutaja/Documents/Ahti/AndroidProjects/audioloop/app/src/main/ja
va/com/example/audioloop/ui/AudioLoopMainScreen.kt:903:42 Unresolved reference 'it'.
e: file:///C:/Users/kasutaja/Documents/Ahti/AndroidProjects/audioloop/app/src/main/ja
va/com/example/audioloop/ui/AudioLoopMainScreen.kt:903:51 Unresolved reference 'curre
ntlyPlayingPlaylistId'.
e: file:///C:/Users/kasutaja/Documents/Ahti/AndroidProjects/audioloop/app/src/main/ja
va/com/example/audioloop/ui/AudioLoopMainScreen.kt:921:45 Unresolved reference 'theme
Colors'.
e: file:///C:/Users/kasutaja/Documents/Ahti/AndroidProjects/audioloop/app/src/main/ja
va/com/example/audioloop/ui/AudioLoopMainScreen.kt:922:45 Unresolved reference 'theme
Colors'.
e: file:///C:/Users/kasutaja/Documents/Ahti/AndroidProjects/audioloop/app/src/main/ja
va/com/example/audioloop/ui/AudioLoopMainScreen.kt:928:37 Unresolved reference 'theme
Colors'.
e: file:///C:/Users/kasutaja/Documents/Ahti/AndroidProjects/audioloop/app/src/main/ja
va/com/example/audioloop/ui/AudioLoopMainScreen.kt:944:53 Unresolved reference 'theme
Colors'.
e: file:///C:/Users/kasutaja/Documents/Ahti/AndroidProjects/audioloop/app/src/main/ja
va/com/example/audioloop/ui/AudioLoopMainScreen.kt:950:53 Unresolved reference 'theme
Colors'.
e: file:///C:/Users/kasutaja/Documents/Ahti/AndroidProjects/audioloop/app/src/main/ja
va/com/example/audioloop/ui/AudioLoopMainScreen.kt:957:56 Unresolved reference 'name'
.
e: file:///C:/Users/kasutaja/Documents/Ahti/AndroidProjects/audioloop/app/src/main/ja
va/com/example/audioloop/ui/AudioLoopMainScreen.kt:969:65 Unresolved reference 'loopC
ount'.
e: file:///C:/Users/kasutaja/Documents/Ahti/AndroidProjects/audioloop/app/src/main/ja
va/com/example/audioloop/ui/AudioLoopMainScreen.kt:971:43 Unresolved reference 'curre
ntPlaylistIteration'.
e: file:///C:/Users/kasutaja/Documents/Ahti/AndroidProjects/audioloop/app/src/main/ja
va/com/example/audioloop/ui/AudioLoopMainScreen.kt:971:87 Unresolved reference 'loopC
ount'.
e: file:///C:/Users/kasutaja/Documents/Ahti/AndroidProjects/audioloop/app/src/main/ja
va/com/example/audioloop/ui/AudioLoopMainScreen.kt:984:53 Unresolved reference 'theme
Colors'.
e: file:///C:/Users/kasutaja/Documents/Ahti/AndroidProjects/audioloop/app/src/main/ja
va/com/example/audioloop/ui/AudioLoopMainScreen.kt:985:55 Unresolved reference 'theme
Colors'.
e: file:///C:/Users/kasutaja/Documents/Ahti/AndroidProjects/audioloop/app/src/main/ja
va/com/example/audioloop/ui/AudioLoopMainScreen.kt:989:49 Unresolved reference 'theme
Colors'.
e: file:///C:/Users/kasutaja/Documents/Ahti/AndroidProjects/audioloop/app/src/main/ja
va/com/example/audioloop/ui/AudioLoopMainScreen.kt:995:52 Unresolved reference 'speed
'.
e: file:///C:/Users/kasutaja/Documents/Ahti/AndroidProjects/audioloop/app/src/main/ja
va/com/example/audioloop/ui/AudioLoopMainScreen.kt:1003:89 Unresolved reference 'spee
d'.
e: file:///C:/Users/kasutaja/Documents/Ahti/AndroidProjects/audioloop/app/src/main/ja
va/com/example/audioloop/ui/AudioLoopMainScreen.kt:1008:52 Unresolved reference 'gapS
econds'.
e: file:///C:/Users/kasutaja/Documents/Ahti/AndroidProjects/audioloop/app/src/main/ja
va/com/example/audioloop/ui/AudioLoopMainScreen.kt:1016:66 Unresolved reference 'gapS
econds'.
e: file:///C:/Users/kasutaja/Documents/Ahti/AndroidProjects/audioloop/app/src/main/ja
va/com/example/audioloop/ui/AudioLoopMainScreen.kt:1021:52 Function invocation 'shuff
le()' expected.
e: file:///C:/Users/kasutaja/Documents/Ahti/AndroidProjects/audioloop/app/src/main/ja
va/com/example/audioloop/ui/AudioLoopMainScreen.kt:1036:55 Unresolved reference 'file
s'.
e: file:///C:/Users/kasutaja/Documents/Ahti/AndroidProjects/audioloop/app/src/main/ja
va/com/example/audioloop/ui/AudioLoopMainScreen.kt:1068:51 Overload resolution ambigu
ity between candidates:
fun <T> Array<out T>.contains(element: T): Boolean
fun IntArray.contains(element: Int): Boolean
fun <T> Iterable<T>.contains(element: T): Boolean
fun <K, V> Map<out K, V>.contains(key: K): Boolean
fun ClosedRange<Byte>.contains(value: Int): Boolean
fun ClosedRange<Long>.contains(value: Int): Boolean
fun ClosedRange<Short>.contains(value: Int): Boolean
fun IntRange.contains(element: Int?): Boolean
fun LongRange.contains(value: Int): Boolean
fun OpenEndRange<Byte>.contains(value: Int): Boolean
fun OpenEndRange<Long>.contains(value: Int): Boolean
fun OpenEndRange<Short>.contains(value: Int): Boolean
fun <T> Sequence<T>.contains(element: T): Boolean
e: file:///C:/Users/kasutaja/Documents/Ahti/AndroidProjects/audioloop/app/src/main/ja
va/com/example/audioloop/ui/AudioLoopMainScreen.kt:1068:54 Unresolved reference 'uiRe
cordingItems'.
e: file:///C:/Users/kasutaja/Documents/Ahti/AndroidProjects/audioloop/app/src/main/ja
va/com/example/audioloop/ui/AudioLoopMainScreen.kt:1068:94 Overload resolution ambigu
ity between candidates:
fun <T> Array<out T>.contains(element: T): Boolean
fun IntArray.contains(element: Int): Boolean
fun <T> Iterable<T>.contains(element: T): Boolean
fun <K, V> Map<out K, V>.contains(key: K): Boolean
fun ClosedRange<Byte>.contains(value: Int): Boolean
fun ClosedRange<Long>.contains(value: Int): Boolean
fun ClosedRange<Short>.contains(value: Int): Boolean
fun IntRange.contains(element: Int?): Boolean
fun LongRange.contains(value: Int): Boolean
fun OpenEndRange<Byte>.contains(value: Int): Boolean
fun OpenEndRange<Long>.contains(value: Int): Boolean
fun OpenEndRange<Short>.contains(value: Int): Boolean
fun <T> Sequence<T>.contains(element: T): Boolean
e: file:///C:/Users/kasutaja/Documents/Ahti/AndroidProjects/audioloop/app/src/main/ja
va/com/example/audioloop/ui/AudioLoopMainScreen.kt:1068:97 Unresolved reference 'uiRe
cordingItems'.
e: file:///C:/Users/kasutaja/Documents/Ahti/AndroidProjects/audioloop/app/src/main/ja
va/com/example/audioloop/ui/AudioLoopMainScreen.kt:1069:50 Unresolved reference 'uiRe
cordingItems'.
e: file:///C:/Users/kasutaja/Documents/Ahti/AndroidProjects/audioloop/app/src/main/ja
va/com/example/audioloop/ui/AudioLoopMainScreen.kt:1070:33 Unresolved reference 'uiRe
cordingItems'.
e: file:///C:/Users/kasutaja/Documents/Ahti/AndroidProjects/audioloop/app/src/main/ja
va/com/example/audioloop/ui/AudioLoopMainScreen.kt:1099:51 Overload resolution ambigu
ity between candidates:
fun <T> Array<out T>.contains(element: T): Boolean
fun IntArray.contains(element: Int): Boolean
fun <T> Iterable<T>.contains(element: T): Boolean
fun <K, V> Map<out K, V>.contains(key: K): Boolean
fun ClosedRange<Byte>.contains(value: Int): Boolean
fun ClosedRange<Long>.contains(value: Int): Boolean
fun ClosedRange<Short>.contains(value: Int): Boolean
fun IntRange.contains(element: Int?): Boolean
fun LongRange.contains(value: Int): Boolean
fun OpenEndRange<Byte>.contains(value: Int): Boolean
fun OpenEndRange<Long>.contains(value: Int): Boolean
fun OpenEndRange<Short>.contains(value: Int): Boolean
fun <T> Sequence<T>.contains(element: T): Boolean
e: file:///C:/Users/kasutaja/Documents/Ahti/AndroidProjects/audioloop/app/src/main/ja
va/com/example/audioloop/ui/AudioLoopMainScreen.kt:1099:54 Unresolved reference 'uiRe
cordingItems'.
e: file:///C:/Users/kasutaja/Documents/Ahti/AndroidProjects/audioloop/app/src/main/ja
va/com/example/audioloop/ui/AudioLoopMainScreen.kt:1101:60 Unresolved reference 'uiRe
cordingItems'.
e: file:///C:/Users/kasutaja/Documents/Ahti/AndroidProjects/audioloop/app/src/main/ja
va/com/example/audioloop/ui/AudioLoopMainScreen.kt:1127:45 Unresolved reference 'onRe
orderFinished'.
e: file:///C:/Users/kasutaja/Documents/Ahti/AndroidProjects/audioloop/app/src/main/ja
va/com/example/audioloop/ui/AudioLoopMainScreen.kt:1127:63 Unresolved reference 'uiRe
cordingItems'.
e: file:///C:/Users/kasutaja/Documents/Ahti/AndroidProjects/audioloop/app/src/main/ja
va/com/example/audioloop/ui/AudioLoopMainScreen.kt:1127:84 Unresolved reference 'file
'.
e: file:///C:/Users/kasutaja/Documents/Ahti/AndroidProjects/audioloop/app/src/main/ja
va/com/example/audioloop/ui/AudioLoopMainScreen.kt:1127:86 Unresolved reference 'it'.
e: file:///C:/Users/kasutaja/Documents/Ahti/AndroidProjects/audioloop/app/src/main/ja
va/com/example/audioloop/ui/AudioLoopMainScreen.kt:1140:42 Unresolved reference 'uiRe
cordingItems'.
e: file:///C:/Users/kasutaja/Documents/Ahti/AndroidProjects/audioloop/app/src/main/ja
va/com/example/audioloop/ui/AudioLoopMainScreen.kt:1140:68 Cannot infer type for this
 parameter. Please specify it explicitly.
e: file:///C:/Users/kasutaja/Documents/Ahti/AndroidProjects/audioloop/app/src/main/ja
va/com/example/audioloop/ui/AudioLoopMainScreen.kt:1140:71 Cannot infer type for this
 parameter. Please specify it explicitly.
e: file:///C:/Users/kasutaja/Documents/Ahti/AndroidProjects/audioloop/app/src/main/ja
va/com/example/audioloop/ui/AudioLoopMainScreen.kt:1140:84 Unresolved reference 'name
'.
e: file:///C:/Users/kasutaja/Documents/Ahti/AndroidProjects/audioloop/app/src/main/ja
va/com/example/audioloop/ui/AudioLoopMainScreen.kt:1140:94 Cannot infer type for this
 parameter. Please specify it explicitly.
e: file:///C:/Users/kasutaja/Documents/Ahti/AndroidProjects/audioloop/app/src/main/ja
va/com/example/audioloop/ui/AudioLoopMainScreen.kt:1140:101 Cannot infer type for thi
s parameter. Please specify it explicitly.
e: file:///C:/Users/kasutaja/Documents/Ahti/AndroidProjects/audioloop/app/src/main/ja
va/com/example/audioloop/ui/AudioLoopMainScreen.kt:1141:54 Unresolved reference 'file
'.
e: file:///C:/Users/kasutaja/Documents/Ahti/AndroidProjects/audioloop/app/src/main/ja
va/com/example/audioloop/ui/AudioLoopMainScreen.kt:1141:67 Unresolved reference 'play
ingFileName'.
e: file:///C:/Users/kasutaja/Documents/Ahti/AndroidProjects/audioloop/app/src/main/ja
va/com/example/audioloop/ui/AudioLoopMainScreen.kt:1142:50 Unresolved reference 'sele
ctedFiles'.
e: file:///C:/Users/kasutaja/Documents/Ahti/AndroidProjects/audioloop/app/src/main/ja
va/com/example/audioloop/ui/AudioLoopMainScreen.kt:1142:78 Unresolved reference 'name
'.
e: file:///C:/Users/kasutaja/Documents/Ahti/AndroidProjects/audioloop/app/src/main/ja
va/com/example/audioloop/ui/AudioLoopMainScreen.kt:1144:33 @Composable invocations ca
n only happen from the context of a @Composable function
e: file:///C:/Users/kasutaja/Documents/Ahti/AndroidProjects/audioloop/app/src/main/ja
va/com/example/audioloop/ui/AudioLoopMainScreen.kt:1148:63 Unresolved reference 'isPa
used'.
e: file:///C:/Users/kasutaja/Documents/Ahti/AndroidProjects/audioloop/app/src/main/ja
va/com/example/audioloop/ui/AudioLoopMainScreen.kt:1149:55 Unresolved reference 'isSe
lectionMode'.
e: file:///C:/Users/kasutaja/Documents/Ahti/AndroidProjects/audioloop/app/src/main/ja
va/com/example/audioloop/ui/AudioLoopMainScreen.kt:1151:54 Unresolved reference 'sele
ctedFiles'.
e: file:///C:/Users/kasutaja/Documents/Ahti/AndroidProjects/audioloop/app/src/main/ja
va/com/example/audioloop/ui/AudioLoopMainScreen.kt:1151:81 Unresolved reference 'name
'.
e: file:///C:/Users/kasutaja/Documents/Ahti/AndroidProjects/audioloop/app/src/main/ja
va/com/example/audioloop/ui/AudioLoopMainScreen.kt:1151:87 Overload resolution ambigu
ity between candidates:
fun String?.plus(other: Any?): String
fun <T> Array<T>.plus(element: T): Array<T>
fun ByteArray.plus(element: Byte): ByteArray
fun IntArray.plus(element: Int): IntArray
fun LongArray.plus(element: Long): LongArray
fun ShortArray.plus(element: Short): ShortArray
fun <T> Collection<T>.plus(element: T): List<T>
fun <T> Iterable<T>.plus(element: T): List<T>
fun <T> Set<T>.plus(element: T): Set<T>
fun <T> Sequence<T>.plus(element: T): Sequence<T>
e: file:///C:/Users/kasutaja/Documents/Ahti/AndroidProjects/audioloop/app/src/main/ja
va/com/example/audioloop/ui/AudioLoopMainScreen.kt:1152:48 Unresolved reference 'onSt
artPlaylist'.
e: file:///C:/Users/kasutaja/Documents/Ahti/AndroidProjects/audioloop/app/src/main/ja
va/com/example/audioloop/ui/AudioLoopMainScreen.kt:1152:64 Cannot infer type for this
 parameter. Please specify it explicitly.
e: file:///C:/Users/kasutaja/Documents/Ahti/AndroidProjects/audioloop/app/src/main/ja
va/com/example/audioloop/ui/AudioLoopMainScreen.kt:1152:78 Unresolved reference 'sele
ctedLoopCount'.
e: file:///C:/Users/kasutaja/Documents/Ahti/AndroidProjects/audioloop/app/src/main/ja
va/com/example/audioloop/ui/AudioLoopMainScreen.kt:1152:103 Unresolved reference 'sel
ectedSpeed'.
e: file:///C:/Users/kasutaja/Documents/Ahti/AndroidProjects/audioloop/app/src/main/ja
va/com/example/audioloop/ui/AudioLoopMainScreen.kt:1153:47 Unresolved reference 'onPa
usePlay'.
e: file:///C:/Users/kasutaja/Documents/Ahti/AndroidProjects/audioloop/app/src/main/ja
va/com/example/audioloop/ui/AudioLoopMainScreen.kt:1154:48 Unresolved reference 'onRe
sumePlay'.
e: file:///C:/Users/kasutaja/Documents/Ahti/AndroidProjects/audioloop/app/src/main/ja
va/com/example/audioloop/ui/AudioLoopMainScreen.kt:1155:48 Unresolved reference 'play
ingPlaylistFiles'.
e: file:///C:/Users/kasutaja/Documents/Ahti/AndroidProjects/audioloop/app/src/main/ja
va/com/example/audioloop/ui/AudioLoopMainScreen.kt:1155:71 Cannot infer type for this
 parameter. Please specify it explicitly.
e: file:///C:/Users/kasutaja/Documents/Ahti/AndroidProjects/audioloop/app/src/main/ja
va/com/example/audioloop/ui/AudioLoopMainScreen.kt:1155:71 Not enough information to 
infer type argument for 'T'.
e: file:///C:/Users/kasutaja/Documents/Ahti/AndroidProjects/audioloop/app/src/main/ja
va/com/example/audioloop/ui/AudioLoopMainScreen.kt:1155:84 Unresolved reference 'onSt
opPlay'.
e: file:///C:/Users/kasutaja/Documents/Ahti/AndroidProjects/audioloop/app/src/main/ja
va/com/example/audioloop/ui/AudioLoopMainScreen.kt:1156:56 Unresolved reference 'togg
leSelection'.
e: file:///C:/Users/kasutaja/Documents/Ahti/AndroidProjects/audioloop/app/src/main/ja
va/com/example/audioloop/ui/AudioLoopMainScreen.kt:1156:77 Unresolved reference 'name
'.
e: file:///C:/Users/kasutaja/Documents/Ahti/AndroidProjects/audioloop/app/src/main/ja
va/com/example/audioloop/ui/AudioLoopMainScreen.kt:1157:50 Unresolved reference 'item
ToModify'.
e: file:///C:/Users/kasutaja/Documents/Ahti/AndroidProjects/audioloop/app/src/main/ja
va/com/example/audioloop/ui/AudioLoopMainScreen.kt:1157:71 Unresolved reference 'show
RenameDialog'.
e: file:///C:/Users/kasutaja/Documents/Ahti/AndroidProjects/audioloop/app/src/main/ja
va/com/example/audioloop/ui/AudioLoopMainScreen.kt:1158:48 Unresolved reference 'reco
rdingToTrim'.
e: file:///C:/Users/kasutaja/Documents/Ahti/AndroidProjects/audioloop/app/src/main/ja
va/com/example/audioloop/ui/AudioLoopMainScreen.kt:1158:72 Unresolved reference 'show
TrimDialog'.
e: file:///C:/Users/kasutaja/Documents/Ahti/AndroidProjects/audioloop/app/src/main/ja
va/com/example/audioloop/ui/AudioLoopMainScreen.kt:1159:48 Unresolved reference 'item
ToModify'.
e: file:///C:/Users/kasutaja/Documents/Ahti/AndroidProjects/audioloop/app/src/main/ja
va/com/example/audioloop/ui/AudioLoopMainScreen.kt:1159:69 Unresolved reference 'show
MoveDialog'.
e: file:///C:/Users/kasutaja/Documents/Ahti/AndroidProjects/audioloop/app/src/main/ja
va/com/example/audioloop/ui/AudioLoopMainScreen.kt:1160:49 Unresolved reference 'onSh
areFile'.
e: file:///C:/Users/kasutaja/Documents/Ahti/AndroidProjects/audioloop/app/src/main/ja
va/com/example/audioloop/ui/AudioLoopMainScreen.kt:1161:50 Unresolved reference 'reco
rdingToDelete'.
e: file:///C:/Users/kasutaja/Documents/Ahti/AndroidProjects/audioloop/app/src/main/ja
va/com/example/audioloop/ui/AudioLoopMainScreen.kt:1161:76 Unresolved reference 'show
DeleteDialog'.
e: file:///C:/Users/kasutaja/Documents/Ahti/AndroidProjects/audioloop/app/src/main/ja
va/com/example/audioloop/ui/AudioLoopMainScreen.kt:1162:49 Unresolved reference 'onSp
litFile'.
e: file:///C:/Users/kasutaja/Documents/Ahti/AndroidProjects/audioloop/app/src/main/ja
va/com/example/audioloop/ui/AudioLoopMainScreen.kt:1163:53 Unresolved reference 'onNo
rmalizeFile'.
e: file:///C:/Users/kasutaja/Documents/Ahti/AndroidProjects/audioloop/app/src/main/ja
va/com/example/audioloop/ui/AudioLoopMainScreen.kt:1164:52 Unresolved reference 'onAu
toTrimFile'.
e: file:///C:/Users/kasutaja/Documents/Ahti/AndroidProjects/audioloop/app/src/main/ja
va/com/example/audioloop/ui/AudioLoopMainScreen.kt:1165:52 Unresolved reference 'reco
rdingToNote'.
e: file:///C:/Users/kasutaja/Documents/Ahti/AndroidProjects/audioloop/app/src/main/ja
va/com/example/audioloop/ui/AudioLoopMainScreen.kt:1165:76 Unresolved reference 'show
NoteDialog'.
e: file:///C:/Users/kasutaja/Documents/Ahti/AndroidProjects/audioloop/app/src/main/ja
va/com/example/audioloop/ui/AudioLoopMainScreen.kt:1166:52 Unresolved reference 'reco
rdingToInfo'.
e: file:///C:/Users/kasutaja/Documents/Ahti/AndroidProjects/audioloop/app/src/main/ja
va/com/example/audioloop/ui/AudioLoopMainScreen.kt:1166:76 Unresolved reference 'show
InfoDialog'.
e: file:///C:/Users/kasutaja/Documents/Ahti/AndroidProjects/audioloop/app/src/main/ja
va/com/example/audioloop/ui/AudioLoopMainScreen.kt:1167:70 Unresolved reference 'curr
entProgress'.
e: file:///C:/Users/kasutaja/Documents/Ahti/AndroidProjects/audioloop/app/src/main/ja
va/com/example/audioloop/ui/AudioLoopMainScreen.kt:1168:72 Unresolved reference 'curr
entTimeString'.
e: file:///C:/Users/kasutaja/Documents/Ahti/AndroidProjects/audioloop/app/src/main/ja
va/com/example/audioloop/ui/AudioLoopMainScreen.kt:1169:46 Unresolved reference 'onSe
ekTo'.
e: file:///C:/Users/kasutaja/Documents/Ahti/AndroidProjects/audioloop/app/src/main/ja
va/com/example/audioloop/ui/AudioLoopMainScreen.kt:1172:51 Unresolved reference 'them
eColors'.
e: file:///C:/Users/kasutaja/Documents/Ahti/AndroidProjects/audioloop/app/src/main/ja
va/com/example/audioloop/ui/AudioLoopMainScreen.kt:1173:56 Unresolved reference 'play
ingPlaylistFiles'.
e: file:///C:/Users/kasutaja/Documents/Ahti/AndroidProjects/audioloop/app/src/main/ja
va/com/example/audioloop/ui/AudioLoopMainScreen.kt:1173:90 Unresolved reference 'name
'.
e: file:///C:/Users/kasutaja/Documents/Ahti/AndroidProjects/audioloop/app/src/main/ja
va/com/example/audioloop/ui/AudioLoopMainScreen.kt:1173:96 Overload resolution ambigu
ity between candidates:
fun String?.plus(other: Any?): String
fun <T> Array<T>.plus(element: T): Array<T>
fun ByteArray.plus(element: Byte): ByteArray
fun IntArray.plus(element: Int): IntArray
fun LongArray.plus(element: Long): LongArray
fun ShortArray.plus(element: Short): ShortArray
fun <T> Collection<T>.plus(element: T): List<T>
fun <T> Iterable<T>.plus(element: T): List<T>
fun <T> Set<T>.plus(element: T): Set<T>
fun <T> Sequence<T>.plus(element: T): Sequence<T>
e: file:///C:/Users/kasutaja/Documents/Ahti/AndroidProjects/audioloop/app/src/main/ja
va/com/example/audioloop/ui/AudioLoopMainScreen.kt:1174:52 Unresolved reference 'wave
formCache'.
e: file:///C:/Users/kasutaja/Documents/Ahti/AndroidProjects/audioloop/app/src/main/ja
va/com/example/audioloop/ui/AudioLoopMainScreen.kt:1174:52 Argument type mismatch: ac
tual type is 'it(kotlin.text.MatchGroup & kotlin.collections.List<T>)', but 'kotlin.c
ollections.List<kotlin.Int>' was expected.
e: file:///C:/Users/kasutaja/Documents/Ahti/AndroidProjects/audioloop/app/src/main/ja
va/com/example/audioloop/ui/AudioLoopMainScreen.kt:1174:71 Unresolved reference 'file
'.
e: file:///C:/Users/kasutaja/Documents/Ahti/AndroidProjects/audioloop/app/src/main/ja
va/com/example/audioloop/ui/AudioLoopMainScreen.kt:1174:93 Cannot infer type for this
 parameter. Please specify it explicitly.
e: file:///C:/Users/kasutaja/Documents/Ahti/AndroidProjects/audioloop/app/src/main/ja
va/com/example/audioloop/ui/AudioLoopMainScreen.kt:1175:54 Unresolved reference 'onSe
ekAbsolute'.
e: file:///C:/Users/kasutaja/Documents/Ahti/AndroidProjects/audioloop/app/src/main/ja
va/com/example/audioloop/ui/AudioLoopMainScreen.kt:1176:74 Unresolved reference 'shad
owCountdownText'.
e: file:///C:/Users/kasutaja/Documents/Ahti/AndroidProjects/audioloop/app/src/main/ja
va/com/example/audioloop/ui/AudioLoopMainScreen.kt:1189:63 Unresolved reference 'play
ingFileName'.
e: file:///C:/Users/kasutaja/Documents/Ahti/AndroidProjects/audioloop/app/src/main/ja
va/com/example/audioloop/ui/AudioLoopMainScreen.kt:1190:66 Unresolved reference 'play
ingFileName'.
e: file:///C:/Users/kasutaja/Documents/Ahti/AndroidProjects/audioloop/app/src/main/ja
va/com/example/audioloop/ui/AudioLoopMainScreen.kt:1190:83 Unresolved reference 'isPa
used'.
e: file:///C:/Users/kasutaja/Documents/Ahti/AndroidProjects/audioloop/app/src/main/ja
va/com/example/audioloop/ui/AudioLoopMainScreen.kt:1191:51 Unresolved reference 'isSe
lectionMode'.
e: file:///C:/Users/kasutaja/Documents/Ahti/AndroidProjects/audioloop/app/src/main/ja
va/com/example/audioloop/ui/AudioLoopMainScreen.kt:1192:46 Unresolved reference 'sele
ctedFiles'.
e: file:///C:/Users/kasutaja/Documents/Ahti/AndroidProjects/audioloop/app/src/main/ja
va/com/example/audioloop/ui/AudioLoopMainScreen.kt:1193:50 Unresolved reference 'sele
ctedFiles'.
e: file:///C:/Users/kasutaja/Documents/Ahti/AndroidProjects/audioloop/app/src/main/ja
va/com/example/audioloop/ui/AudioLoopMainScreen.kt:1194:73 Unresolved reference 'play
ingFileName'.
e: file:///C:/Users/kasutaja/Documents/Ahti/AndroidProjects/audioloop/app/src/main/ja
va/com/example/audioloop/ui/AudioLoopMainScreen.kt:1194:90 Unresolved reference 'curr
entProgress'.
e: file:///C:/Users/kasutaja/Documents/Ahti/AndroidProjects/audioloop/app/src/main/ja
va/com/example/audioloop/ui/AudioLoopMainScreen.kt:1195:75 Unresolved reference 'play
ingFileName'.
e: file:///C:/Users/kasutaja/Documents/Ahti/AndroidProjects/audioloop/app/src/main/ja
va/com/example/audioloop/ui/AudioLoopMainScreen.kt:1195:92 Unresolved reference 'curr
entTimeString'.
e: file:///C:/Users/kasutaja/Documents/Ahti/AndroidProjects/audioloop/app/src/main/ja
va/com/example/audioloop/ui/AudioLoopMainScreen.kt:1209:47 Unresolved reference 'them
eColors'.
e: file:///C:/Users/kasutaja/Documents/Ahti/AndroidProjects/audioloop/app/src/main/ja
va/com/example/audioloop/ui/AudioLoopMainScreen.kt:1210:52 Unresolved reference 'play
ingPlaylistFiles'.
e: file:///C:/Users/kasutaja/Documents/Ahti/AndroidProjects/audioloop/app/src/main/ja
va/com/example/audioloop/ui/AudioLoopMainScreen.kt:1219:9 Syntax error: Expecting a t
op level declaration.
e: file:///C:/Users/kasutaja/Documents/Ahti/AndroidProjects/audioloop/app/src/main/ja
va/com/example/audioloop/ui/AudioLoopMainScreen.kt:1219:12 Syntax error: Expecting a 
top level declaration.
e: file:///C:/Users/kasutaja/Documents/Ahti/AndroidProjects/audioloop/app/src/main/ja
va/com/example/audioloop/ui/AudioLoopMainScreen.kt:1219:13 Syntax error: Expecting a 
top level declaration.
e: file:///C:/Users/kasutaja/Documents/Ahti/AndroidProjects/audioloop/app/src/main/ja
va/com/example/audioloop/ui/AudioLoopMainScreen.kt:1219:30 Syntax error: Expecting a 
top level declaration.
e: file:///C:/Users/kasutaja/Documents/Ahti/AndroidProjects/audioloop/app/src/main/ja
va/com/example/audioloop/ui/AudioLoopMainScreen.kt:1219:33 Syntax error: Expecting a 
top level declaration.
e: file:///C:/Users/kasutaja/Documents/Ahti/AndroidProjects/audioloop/app/src/main/ja
va/com/example/audioloop/ui/AudioLoopMainScreen.kt:1219:46 Syntax error: Expecting a 
top level declaration.
e: file:///C:/Users/kasutaja/Documents/Ahti/AndroidProjects/audioloop/app/src/main/ja
va/com/example/audioloop/ui/AudioLoopMainScreen.kt:1219:49 Syntax error: Expecting a 
top level declaration.
e: file:///C:/Users/kasutaja/Documents/Ahti/AndroidProjects/audioloop/app/src/main/ja
va/com/example/audioloop/ui/AudioLoopMainScreen.kt:1219:53 Syntax error: Expecting a 
top level declaration.
e: file:///C:/Users/kasutaja/Documents/Ahti/AndroidProjects/audioloop/app/src/main/ja
va/com/example/audioloop/ui/AudioLoopMainScreen.kt:1219:55 Syntax error: Expecting a 
top level declaration.
e: file:///C:/Users/kasutaja/Documents/Ahti/AndroidProjects/audioloop/app/src/main/ja
va/com/example/audioloop/ui/AudioLoopMainScreen.kt:1219:55 Functions which invoke @Co
mposable functions must be marked with the @Composable annotation
e: file:///C:/Users/kasutaja/Documents/Ahti/AndroidProjects/audioloop/app/src/main/ja
va/com/example/audioloop/ui/AudioLoopMainScreen.kt:1219:55 Function declaration must 
have a name.
e: file:///C:/Users/kasutaja/Documents/Ahti/AndroidProjects/audioloop/app/src/main/ja
va/com/example/audioloop/ui/AudioLoopMainScreen.kt:1220:13 @Composable invocations ca
n only happen from the context of a @Composable function
e: file:///C:/Users/kasutaja/Documents/Ahti/AndroidProjects/audioloop/app/src/main/ja
va/com/example/audioloop/ui/AudioLoopMainScreen.kt:1221:31 Unresolved reference 'item
ToModify'.
e: file:///C:/Users/kasutaja/Documents/Ahti/AndroidProjects/audioloop/app/src/main/ja
va/com/example/audioloop/ui/AudioLoopMainScreen.kt:1221:46 Unresolved reference 'name
'.
e: file:///C:/Users/kasutaja/Documents/Ahti/AndroidProjects/audioloop/app/src/main/ja
va/com/example/audioloop/ui/AudioLoopMainScreen.kt:1222:31 Unresolved reference 'show
RenameDialog'.
e: file:///C:/Users/kasutaja/Documents/Ahti/AndroidProjects/audioloop/app/src/main/ja
va/com/example/audioloop/ui/AudioLoopMainScreen.kt:1223:50 Unresolved reference 'onRe
nameFile'.
e: file:///C:/Users/kasutaja/Documents/Ahti/AndroidProjects/audioloop/app/src/main/ja
va/com/example/audioloop/ui/AudioLoopMainScreen.kt:1223:63 Unresolved reference 'item
ToModify'.
e: file:///C:/Users/kasutaja/Documents/Ahti/AndroidProjects/audioloop/app/src/main/ja
va/com/example/audioloop/ui/AudioLoopMainScreen.kt:1223:89 Unresolved reference 'show
RenameDialog'.
e: file:///C:/Users/kasutaja/Documents/Ahti/AndroidProjects/audioloop/app/src/main/ja
va/com/example/audioloop/ui/AudioLoopMainScreen.kt:1224:31 Unresolved reference 'them
eColors'.
e: file:///C:/Users/kasutaja/Documents/Ahti/AndroidProjects/audioloop/app/src/main/ja
va/com/example/audioloop/ui/AudioLoopMainScreen.kt:1228:9 Syntax error: Expecting a t
op level declaration.
e: file:///C:/Users/kasutaja/Documents/Ahti/AndroidProjects/audioloop/app/src/main/ja
va/com/example/audioloop/ui/AudioLoopMainScreen.kt:1228:12 Syntax error: Expecting a 
top level declaration.
e: file:///C:/Users/kasutaja/Documents/Ahti/AndroidProjects/audioloop/app/src/main/ja
va/com/example/audioloop/ui/AudioLoopMainScreen.kt:1228:13 Syntax error: Expecting a 
top level declaration.
e: file:///C:/Users/kasutaja/Documents/Ahti/AndroidProjects/audioloop/app/src/main/ja
va/com/example/audioloop/ui/AudioLoopMainScreen.kt:1228:28 Syntax error: Expecting a 
top level declaration.
e: file:///C:/Users/kasutaja/Documents/Ahti/AndroidProjects/audioloop/app/src/main/ja
va/com/example/audioloop/ui/AudioLoopMainScreen.kt:1228:31 Syntax error: Expecting a 
top level declaration.
e: file:///C:/Users/kasutaja/Documents/Ahti/AndroidProjects/audioloop/app/src/main/ja
va/com/example/audioloop/ui/AudioLoopMainScreen.kt:1228:44 Syntax error: Expecting a 
top level declaration.
e: file:///C:/Users/kasutaja/Documents/Ahti/AndroidProjects/audioloop/app/src/main/ja
va/com/example/audioloop/ui/AudioLoopMainScreen.kt:1228:47 Syntax error: Expecting a 
top level declaration.
e: file:///C:/Users/kasutaja/Documents/Ahti/AndroidProjects/audioloop/app/src/main/ja
va/com/example/audioloop/ui/AudioLoopMainScreen.kt:1228:51 Syntax error: Expecting a 
top level declaration.
e: file:///C:/Users/kasutaja/Documents/Ahti/AndroidProjects/audioloop/app/src/main/ja
va/com/example/audioloop/ui/AudioLoopMainScreen.kt:1228:53 Syntax error: Expecting a 
top level declaration.
e: file:///C:/Users/kasutaja/Documents/Ahti/AndroidProjects/audioloop/app/src/main/ja
va/com/example/audioloop/ui/AudioLoopMainScreen.kt:1228:53 Functions which invoke @Co
mposable functions must be marked with the @Composable annotation
e: file:///C:/Users/kasutaja/Documents/Ahti/AndroidProjects/audioloop/app/src/main/ja
va/com/example/audioloop/ui/AudioLoopMainScreen.kt:1228:53 Function declaration must 
have a name.
e: file:///C:/Users/kasutaja/Documents/Ahti/AndroidProjects/audioloop/app/src/main/ja
va/com/example/audioloop/ui/AudioLoopMainScreen.kt:1229:13 @Composable invocations ca
n only happen from the context of a @Composable function
e: file:///C:/Users/kasutaja/Documents/Ahti/AndroidProjects/audioloop/app/src/main/ja
va/com/example/audioloop/ui/AudioLoopMainScreen.kt:1230:30 Unresolved reference 'cate
gories'.
e: file:///C:/Users/kasutaja/Documents/Ahti/AndroidProjects/audioloop/app/src/main/ja
va/com/example/audioloop/ui/AudioLoopMainScreen.kt:1231:31 Unresolved reference 'show
MoveDialog'.
e: file:///C:/Users/kasutaja/Documents/Ahti/AndroidProjects/audioloop/app/src/main/ja
va/com/example/audioloop/ui/AudioLoopMainScreen.kt:1232:51 Unresolved reference 'onMo
veFile'.
e: file:///C:/Users/kasutaja/Documents/Ahti/AndroidProjects/audioloop/app/src/main/ja
va/com/example/audioloop/ui/AudioLoopMainScreen.kt:1232:62 Unresolved reference 'item
ToModify'.
e: file:///C:/Users/kasutaja/Documents/Ahti/AndroidProjects/audioloop/app/src/main/ja
va/com/example/audioloop/ui/AudioLoopMainScreen.kt:1232:90 Unresolved reference 'show
MoveDialog'.
e: file:///C:/Users/kasutaja/Documents/Ahti/AndroidProjects/audioloop/app/src/main/ja
va/com/example/audioloop/ui/AudioLoopMainScreen.kt:1236:9 Syntax error: Expecting a t
op level declaration.
e: file:///C:/Users/kasutaja/Documents/Ahti/AndroidProjects/audioloop/app/src/main/ja
va/com/example/audioloop/ui/AudioLoopMainScreen.kt:1236:12 Syntax error: Expecting a 
top level declaration.
e: file:///C:/Users/kasutaja/Documents/Ahti/AndroidProjects/audioloop/app/src/main/ja
va/com/example/audioloop/ui/AudioLoopMainScreen.kt:1236:13 Syntax error: Expecting a 
top level declaration.
e: file:///C:/Users/kasutaja/Documents/Ahti/AndroidProjects/audioloop/app/src/main/ja
va/com/example/audioloop/ui/AudioLoopMainScreen.kt:1236:30 Syntax error: Expecting a 
top level declaration.
e: file:///C:/Users/kasutaja/Documents/Ahti/AndroidProjects/audioloop/app/src/main/ja
va/com/example/audioloop/ui/AudioLoopMainScreen.kt:1236:33 Syntax error: Expecting a 
top level declaration.
e: file:///C:/Users/kasutaja/Documents/Ahti/AndroidProjects/audioloop/app/src/main/ja
va/com/example/audioloop/ui/AudioLoopMainScreen.kt:1236:51 Syntax error: Expecting a 
top level declaration.
e: file:///C:/Users/kasutaja/Documents/Ahti/AndroidProjects/audioloop/app/src/main/ja
va/com/example/audioloop/ui/AudioLoopMainScreen.kt:1236:54 Syntax error: Expecting a 
top level declaration.
e: file:///C:/Users/kasutaja/Documents/Ahti/AndroidProjects/audioloop/app/src/main/ja
va/com/example/audioloop/ui/AudioLoopMainScreen.kt:1236:58 Syntax error: Expecting a 
top level declaration.
e: file:///C:/Users/kasutaja/Documents/Ahti/AndroidProjects/audioloop/app/src/main/ja
va/com/example/audioloop/ui/AudioLoopMainScreen.kt:1236:60 Syntax error: Expecting a 
top level declaration.
e: file:///C:/Users/kasutaja/Documents/Ahti/AndroidProjects/audioloop/app/src/main/ja
va/com/example/audioloop/ui/AudioLoopMainScreen.kt:1236:60 Functions which invoke @Co
mposable functions must be marked with the @Composable annotation
e: file:///C:/Users/kasutaja/Documents/Ahti/AndroidProjects/audioloop/app/src/main/ja
va/com/example/audioloop/ui/AudioLoopMainScreen.kt:1236:60 Function declaration must 
have a name.
e: file:///C:/Users/kasutaja/Documents/Ahti/AndroidProjects/audioloop/app/src/main/ja
va/com/example/audioloop/ui/AudioLoopMainScreen.kt:1237:13 @Composable invocations ca
n only happen from the context of a @Composable function
e: file:///C:/Users/kasutaja/Documents/Ahti/AndroidProjects/audioloop/app/src/main/ja
va/com/example/audioloop/ui/AudioLoopMainScreen.kt:1239:60 Unresolved reference 'reco
rdingToDelete'.
e: file:///C:/Users/kasutaja/Documents/Ahti/AndroidProjects/audioloop/app/src/main/ja
va/com/example/audioloop/ui/AudioLoopMainScreen.kt:1239:80 Unresolved reference 'name
'.
e: file:///C:/Users/kasutaja/Documents/Ahti/AndroidProjects/audioloop/app/src/main/ja
va/com/example/audioloop/ui/AudioLoopMainScreen.kt:1240:31 Unresolved reference 'show
DeleteDialog'.
e: file:///C:/Users/kasutaja/Documents/Ahti/AndroidProjects/audioloop/app/src/main/ja
va/com/example/audioloop/ui/AudioLoopMainScreen.kt:1241:31 Unresolved reference 'onDe
leteFile'.
e: file:///C:/Users/kasutaja/Documents/Ahti/AndroidProjects/audioloop/app/src/main/ja
va/com/example/audioloop/ui/AudioLoopMainScreen.kt:1241:44 Unresolved reference 'reco
rdingToDelete'.
e: file:///C:/Users/kasutaja/Documents/Ahti/AndroidProjects/audioloop/app/src/main/ja
va/com/example/audioloop/ui/AudioLoopMainScreen.kt:1241:66 Unresolved reference 'show
DeleteDialog'.
e: file:///C:/Users/kasutaja/Documents/Ahti/AndroidProjects/audioloop/app/src/main/ja
va/com/example/audioloop/ui/AudioLoopMainScreen.kt:1245:9 Syntax error: Expecting a t
op level declaration.
e: file:///C:/Users/kasutaja/Documents/Ahti/AndroidProjects/audioloop/app/src/main/ja
va/com/example/audioloop/ui/AudioLoopMainScreen.kt:1245:12 Syntax error: Expecting a 
top level declaration.
e: file:///C:/Users/kasutaja/Documents/Ahti/AndroidProjects/audioloop/app/src/main/ja
va/com/example/audioloop/ui/AudioLoopMainScreen.kt:1245:13 Syntax error: Expecting a 
top level declaration.
e: file:///C:/Users/kasutaja/Documents/Ahti/AndroidProjects/audioloop/app/src/main/ja
va/com/example/audioloop/ui/AudioLoopMainScreen.kt:1245:28 Syntax error: Expecting a 
top level declaration.
e: file:///C:/Users/kasutaja/Documents/Ahti/AndroidProjects/audioloop/app/src/main/ja
va/com/example/audioloop/ui/AudioLoopMainScreen.kt:1245:31 Syntax error: Expecting a 
top level declaration.
e: file:///C:/Users/kasutaja/Documents/Ahti/AndroidProjects/audioloop/app/src/main/ja
va/com/example/audioloop/ui/AudioLoopMainScreen.kt:1245:47 Syntax error: Expecting a 
top level declaration.
e: file:///C:/Users/kasutaja/Documents/Ahti/AndroidProjects/audioloop/app/src/main/ja
va/com/example/audioloop/ui/AudioLoopMainScreen.kt:1245:50 Syntax error: Expecting a 
top level declaration.
e: file:///C:/Users/kasutaja/Documents/Ahti/AndroidProjects/audioloop/app/src/main/ja
va/com/example/audioloop/ui/AudioLoopMainScreen.kt:1245:54 Syntax error: Expecting a 
top level declaration.
e: file:///C:/Users/kasutaja/Documents/Ahti/AndroidProjects/audioloop/app/src/main/ja
va/com/example/audioloop/ui/AudioLoopMainScreen.kt:1245:56 Syntax error: Expecting a 
top level declaration.
e: file:///C:/Users/kasutaja/Documents/Ahti/AndroidProjects/audioloop/app/src/main/ja
va/com/example/audioloop/ui/AudioLoopMainScreen.kt:1245:56 Functions which invoke @Co
mposable functions must be marked with the @Composable annotation
e: file:///C:/Users/kasutaja/Documents/Ahti/AndroidProjects/audioloop/app/src/main/ja
va/com/example/audioloop/ui/AudioLoopMainScreen.kt:1245:56 Function declaration must 
have a name.
e: file:///C:/Users/kasutaja/Documents/Ahti/AndroidProjects/audioloop/app/src/main/ja
va/com/example/audioloop/ui/AudioLoopMainScreen.kt:1246:14 @Composable invocations ca
n only happen from the context of a @Composable function
e: file:///C:/Users/kasutaja/Documents/Ahti/AndroidProjects/audioloop/app/src/main/ja
va/com/example/audioloop/ui/AudioLoopMainScreen.kt:1247:24 Unresolved reference 'reco
rdingToTrim'.
e: file:///C:/Users/kasutaja/Documents/Ahti/AndroidProjects/audioloop/app/src/main/ja
va/com/example/audioloop/ui/AudioLoopMainScreen.kt:1247:42 Unresolved reference 'file
'.
e: file:///C:/Users/kasutaja/Documents/Ahti/AndroidProjects/audioloop/app/src/main/ja
va/com/example/audioloop/ui/AudioLoopMainScreen.kt:1248:23 Unresolved reference 'reco
rdingToTrim'.
e: file:///C:/Users/kasutaja/Documents/Ahti/AndroidProjects/audioloop/app/src/main/ja
va/com/example/audioloop/ui/AudioLoopMainScreen.kt:1248:41 Unresolved reference 'uri'
.
e: file:///C:/Users/kasutaja/Documents/Ahti/AndroidProjects/audioloop/app/src/main/ja
va/com/example/audioloop/ui/AudioLoopMainScreen.kt:1249:30 Unresolved reference 'reco
rdingToTrim'.
e: file:///C:/Users/kasutaja/Documents/Ahti/AndroidProjects/audioloop/app/src/main/ja
va/com/example/audioloop/ui/AudioLoopMainScreen.kt:1249:48 Unresolved reference 'dura
tionMillis'.
e: file:///C:/Users/kasutaja/Documents/Ahti/AndroidProjects/audioloop/app/src/main/ja
va/com/example/audioloop/ui/AudioLoopMainScreen.kt:1250:31 Unresolved reference 'show
TrimDialog'.
e: file:///C:/Users/kasutaja/Documents/Ahti/AndroidProjects/audioloop/app/src/main/ja
va/com/example/audioloop/ui/AudioLoopMainScreen.kt:1252:21 Unresolved reference 'onTr
imFile'.
e: file:///C:/Users/kasutaja/Documents/Ahti/AndroidProjects/audioloop/app/src/main/ja
va/com/example/audioloop/ui/AudioLoopMainScreen.kt:1252:32 Unresolved reference 'reco
rdingToTrim'.
e: file:///C:/Users/kasutaja/Documents/Ahti/AndroidProjects/audioloop/app/src/main/ja
va/com/example/audioloop/ui/AudioLoopMainScreen.kt:1252:50 Unresolved reference 'file
'.
e: file:///C:/Users/kasutaja/Documents/Ahti/AndroidProjects/audioloop/app/src/main/ja
va/com/example/audioloop/ui/AudioLoopMainScreen.kt:1253:21 Unresolved reference 'show
TrimDialog'.
e: file:///C:/Users/kasutaja/Documents/Ahti/AndroidProjects/audioloop/app/src/main/ja
va/com/example/audioloop/ui/AudioLoopMainScreen.kt:1255:31 Unresolved reference 'them
eColors'.
e: file:///C:/Users/kasutaja/Documents/Ahti/AndroidProjects/audioloop/app/src/main/ja
va/com/example/audioloop/ui/AudioLoopMainScreen.kt:1259:9 Syntax error: Expecting a t
op level declaration.
e: file:///C:/Users/kasutaja/Documents/Ahti/AndroidProjects/audioloop/app/src/main/ja
va/com/example/audioloop/ui/AudioLoopMainScreen.kt:1259:12 Syntax error: Expecting a 
top level declaration.
e: file:///C:/Users/kasutaja/Documents/Ahti/AndroidProjects/audioloop/app/src/main/ja
va/com/example/audioloop/ui/AudioLoopMainScreen.kt:1259:13 Syntax error: Expecting a 
top level declaration.
e: file:///C:/Users/kasutaja/Documents/Ahti/AndroidProjects/audioloop/app/src/main/ja
va/com/example/audioloop/ui/AudioLoopMainScreen.kt:1259:28 Syntax error: Expecting a 
top level declaration.
e: file:///C:/Users/kasutaja/Documents/Ahti/AndroidProjects/audioloop/app/src/main/ja
va/com/example/audioloop/ui/AudioLoopMainScreen.kt:1259:31 Syntax error: Expecting a 
top level declaration.
e: file:///C:/Users/kasutaja/Documents/Ahti/AndroidProjects/audioloop/app/src/main/ja
va/com/example/audioloop/ui/AudioLoopMainScreen.kt:1259:47 Syntax error: Expecting a 
top level declaration.
e: file:///C:/Users/kasutaja/Documents/Ahti/AndroidProjects/audioloop/app/src/main/ja
va/com/example/audioloop/ui/AudioLoopMainScreen.kt:1259:50 Syntax error: Expecting a 
top level declaration.
e: file:///C:/Users/kasutaja/Documents/Ahti/AndroidProjects/audioloop/app/src/main/ja
va/com/example/audioloop/ui/AudioLoopMainScreen.kt:1259:54 Syntax error: Expecting a 
top level declaration.
e: file:///C:/Users/kasutaja/Documents/Ahti/AndroidProjects/audioloop/app/src/main/ja
va/com/example/audioloop/ui/AudioLoopMainScreen.kt:1259:56 Syntax error: Expecting a 
top level declaration.
e: file:///C:/Users/kasutaja/Documents/Ahti/AndroidProjects/audioloop/app/src/main/ja
va/com/example/audioloop/ui/AudioLoopMainScreen.kt:1259:56 Functions which invoke @Co
mposable functions must be marked with the @Composable annotation
e: file:///C:/Users/kasutaja/Documents/Ahti/AndroidProjects/audioloop/app/src/main/ja
va/com/example/audioloop/ui/AudioLoopMainScreen.kt:1259:56 Function declaration must 
have a name.
e: file:///C:/Users/kasutaja/Documents/Ahti/AndroidProjects/audioloop/app/src/main/ja
va/com/example/audioloop/ui/AudioLoopMainScreen.kt:1260:13 @Composable invocations ca
n only happen from the context of a @Composable function
e: file:///C:/Users/kasutaja/Documents/Ahti/AndroidProjects/audioloop/app/src/main/ja
va/com/example/audioloop/ui/AudioLoopMainScreen.kt:1261:31 Unresolved reference 'reco
rdingToNote'.
e: file:///C:/Users/kasutaja/Documents/Ahti/AndroidProjects/audioloop/app/src/main/ja
va/com/example/audioloop/ui/AudioLoopMainScreen.kt:1261:49 Unresolved reference 'note
'.
e: file:///C:/Users/kasutaja/Documents/Ahti/AndroidProjects/audioloop/app/src/main/ja
va/com/example/audioloop/ui/AudioLoopMainScreen.kt:1262:28 Unresolved reference 'reco
rdingToNote'.
e: file:///C:/Users/kasutaja/Documents/Ahti/AndroidProjects/audioloop/app/src/main/ja
va/com/example/audioloop/ui/AudioLoopMainScreen.kt:1262:46 Unresolved reference 'name
'.
e: file:///C:/Users/kasutaja/Documents/Ahti/AndroidProjects/audioloop/app/src/main/ja
va/com/example/audioloop/ui/AudioLoopMainScreen.kt:1264:31 Unresolved reference 'show
NoteDialog'.
e: file:///C:/Users/kasutaja/Documents/Ahti/AndroidProjects/audioloop/app/src/main/ja
va/com/example/audioloop/ui/AudioLoopMainScreen.kt:1266:21 Unresolved reference 'onSa
veNote'.
e: file:///C:/Users/kasutaja/Documents/Ahti/AndroidProjects/audioloop/app/src/main/ja
va/com/example/audioloop/ui/AudioLoopMainScreen.kt:1266:32 Unresolved reference 'reco
rdingToNote'.
e: file:///C:/Users/kasutaja/Documents/Ahti/AndroidProjects/audioloop/app/src/main/ja
va/com/example/audioloop/ui/AudioLoopMainScreen.kt:1267:21 Unresolved reference 'show
NoteDialog'.
e: file:///C:/Users/kasutaja/Documents/Ahti/AndroidProjects/audioloop/app/src/main/ja
va/com/example/audioloop/ui/AudioLoopMainScreen.kt:1269:31 Unresolved reference 'them
eColors'.
e: file:///C:/Users/kasutaja/Documents/Ahti/AndroidProjects/audioloop/app/src/main/ja
va/com/example/audioloop/ui/AudioLoopMainScreen.kt:1273:9 Syntax error: Expecting a t
op level declaration.
e: file:///C:/Users/kasutaja/Documents/Ahti/AndroidProjects/audioloop/app/src/main/ja
va/com/example/audioloop/ui/AudioLoopMainScreen.kt:1273:12 Syntax error: Expecting a 
top level declaration.
e: file:///C:/Users/kasutaja/Documents/Ahti/AndroidProjects/audioloop/app/src/main/ja
va/com/example/audioloop/ui/AudioLoopMainScreen.kt:1273:13 Syntax error: Expecting a 
top level declaration.
e: file:///C:/Users/kasutaja/Documents/Ahti/AndroidProjects/audioloop/app/src/main/ja
va/com/example/audioloop/ui/AudioLoopMainScreen.kt:1273:28 Syntax error: Expecting a 
top level declaration.
e: file:///C:/Users/kasutaja/Documents/Ahti/AndroidProjects/audioloop/app/src/main/ja
va/com/example/audioloop/ui/AudioLoopMainScreen.kt:1273:31 Syntax error: Expecting a 
top level declaration.
e: file:///C:/Users/kasutaja/Documents/Ahti/AndroidProjects/audioloop/app/src/main/ja
va/com/example/audioloop/ui/AudioLoopMainScreen.kt:1273:47 Syntax error: Expecting a 
top level declaration.
e: file:///C:/Users/kasutaja/Documents/Ahti/AndroidProjects/audioloop/app/src/main/ja
va/com/example/audioloop/ui/AudioLoopMainScreen.kt:1273:50 Syntax error: Expecting a 
top level declaration.
e: file:///C:/Users/kasutaja/Documents/Ahti/AndroidProjects/audioloop/app/src/main/ja
va/com/example/audioloop/ui/AudioLoopMainScreen.kt:1273:54 Syntax error: Expecting a 
top level declaration.
e: file:///C:/Users/kasutaja/Documents/Ahti/AndroidProjects/audioloop/app/src/main/ja
va/com/example/audioloop/ui/AudioLoopMainScreen.kt:1273:56 Syntax error: Expecting a 
top level declaration.
e: file:///C:/Users/kasutaja/Documents/Ahti/AndroidProjects/audioloop/app/src/main/ja
va/com/example/audioloop/ui/AudioLoopMainScreen.kt:1273:56 Functions which invoke @Co
mposable functions must be marked with the @Composable annotation
e: file:///C:/Users/kasutaja/Documents/Ahti/AndroidProjects/audioloop/app/src/main/ja
va/com/example/audioloop/ui/AudioLoopMainScreen.kt:1273:56 Function declaration must 
have a name.
e: file:///C:/Users/kasutaja/Documents/Ahti/AndroidProjects/audioloop/app/src/main/ja
va/com/example/audioloop/ui/AudioLoopMainScreen.kt:1274:13 @Composable invocations ca
n only happen from the context of a @Composable function
e: file:///C:/Users/kasutaja/Documents/Ahti/AndroidProjects/audioloop/app/src/main/ja
va/com/example/audioloop/ui/AudioLoopMainScreen.kt:1275:24 Unresolved reference 'reco
rdingToInfo'.
e: file:///C:/Users/kasutaja/Documents/Ahti/AndroidProjects/audioloop/app/src/main/ja
va/com/example/audioloop/ui/AudioLoopMainScreen.kt:1276:31 Unresolved reference 'show
InfoDialog'.
e: file:///C:/Users/kasutaja/Documents/Ahti/AndroidProjects/audioloop/app/src/main/ja
va/com/example/audioloop/ui/AudioLoopMainScreen.kt:1277:31 Unresolved reference 'them
eColors'.
e: file:///C:/Users/kasutaja/Documents/Ahti/AndroidProjects/audioloop/app/src/main/ja
va/com/example/audioloop/ui/AudioLoopMainScreen.kt:1282:9 Syntax error: Expecting a t
op level declaration.
e: file:///C:/Users/kasutaja/Documents/Ahti/AndroidProjects/audioloop/app/src/main/ja
va/com/example/audioloop/ui/AudioLoopMainScreen.kt:1282:12 Syntax error: Expecting a 
top level declaration.
e: file:///C:/Users/kasutaja/Documents/Ahti/AndroidProjects/audioloop/app/src/main/ja
va/com/example/audioloop/ui/AudioLoopMainScreen.kt:1282:13 Syntax error: Expecting a 
top level declaration.
e: file:///C:/Users/kasutaja/Documents/Ahti/AndroidProjects/audioloop/app/src/main/ja
va/com/example/audioloop/ui/AudioLoopMainScreen.kt:1282:30 Syntax error: Expecting a 
top level declaration.
e: file:///C:/Users/kasutaja/Documents/Ahti/AndroidProjects/audioloop/app/src/main/ja
va/com/example/audioloop/ui/AudioLoopMainScreen.kt:1282:32 Syntax error: Expecting a 
top level declaration.
e: file:///C:/Users/kasutaja/Documents/Ahti/AndroidProjects/audioloop/app/src/main/ja
va/com/example/audioloop/ui/AudioLoopMainScreen.kt:1282:32 Functions which invoke @Co
mposable functions must be marked with the @Composable annotation
e: file:///C:/Users/kasutaja/Documents/Ahti/AndroidProjects/audioloop/app/src/main/ja
va/com/example/audioloop/ui/AudioLoopMainScreen.kt:1282:32 Function declaration must 
have a name.
e: file:///C:/Users/kasutaja/Documents/Ahti/AndroidProjects/audioloop/app/src/main/ja
va/com/example/audioloop/ui/AudioLoopMainScreen.kt:1283:13 @Composable invocations ca
n only happen from the context of a @Composable function
e: file:///C:/Users/kasutaja/Documents/Ahti/AndroidProjects/audioloop/app/src/main/ja
va/com/example/audioloop/ui/AudioLoopMainScreen.kt:1283:13 This material API is exper
imental and is likely to change or to be removed in the future.
e: file:///C:/Users/kasutaja/Documents/Ahti/AndroidProjects/audioloop/app/src/main/ja
va/com/example/audioloop/ui/AudioLoopMainScreen.kt:1284:38 Unresolved reference 'show
PlaylistSheet'.
e: file:///C:/Users/kasutaja/Documents/Ahti/AndroidProjects/audioloop/app/src/main/ja
va/com/example/audioloop/ui/AudioLoopMainScreen.kt:1291:33 Unresolved reference 'play
lists'.
e: file:///C:/Users/kasutaja/Documents/Ahti/AndroidProjects/audioloop/app/src/main/ja
va/com/example/audioloop/ui/AudioLoopMainScreen.kt:1295:29 Unresolved reference 'onGe
tAllRecordings'.
e: file:///C:/Users/kasutaja/Documents/Ahti/AndroidProjects/audioloop/app/src/main/ja
va/com/example/audioloop/ui/AudioLoopMainScreen.kt:1295:57 Unresolved reference 'it'.
e: file:///C:/Users/kasutaja/Documents/Ahti/AndroidProjects/audioloop/app/src/main/ja
va/com/example/audioloop/ui/AudioLoopMainScreen.kt:1295:76 Unresolved reference 'dura
tionMillis'.
e: file:///C:/Users/kasutaja/Documents/Ahti/AndroidProjects/audioloop/app/src/main/ja
va/com/example/audioloop/ui/AudioLoopMainScreen.kt:1303:25 Unresolved reference 'edit
ingPlaylist'.
e: file:///C:/Users/kasutaja/Documents/Ahti/AndroidProjects/audioloop/app/src/main/ja
va/com/example/audioloop/ui/AudioLoopMainScreen.kt:1310:32 Unresolved reference 'edit
ingPlaylist'.
e: file:///C:/Users/kasutaja/Documents/Ahti/AndroidProjects/audioloop/app/src/main/ja
va/com/example/audioloop/ui/AudioLoopMainScreen.kt:1312:25 Unresolved reference 'onPl
ayPlaylist'.
e: file:///C:/Users/kasutaja/Documents/Ahti/AndroidProjects/audioloop/app/src/main/ja
va/com/example/audioloop/ui/AudioLoopMainScreen.kt:1313:25 Unresolved reference 'show
PlaylistSheet'.
e: file:///C:/Users/kasutaja/Documents/Ahti/AndroidProjects/audioloop/app/src/main/ja
va/com/example/audioloop/ui/AudioLoopMainScreen.kt:1314:25 Unresolved reference 'show
PlaylistView'.
e: file:///C:/Users/kasutaja/Documents/Ahti/AndroidProjects/audioloop/app/src/main/ja
va/com/example/audioloop/ui/AudioLoopMainScreen.kt:1316:31 Unresolved reference 'onPa
usePlay'.
e: file:///C:/Users/kasutaja/Documents/Ahti/AndroidProjects/audioloop/app/src/main/ja
va/com/example/audioloop/ui/AudioLoopMainScreen.kt:1317:32 Unresolved reference 'onDe
letePlaylist'.
e: file:///C:/Users/kasutaja/Documents/Ahti/AndroidProjects/audioloop/app/src/main/ja
va/com/example/audioloop/ui/AudioLoopMainScreen.kt:1318:33 Unresolved reference 'show
PlaylistSheet'.
e: file:///C:/Users/kasutaja/Documents/Ahti/AndroidProjects/audioloop/app/src/main/ja
va/com/example/audioloop/ui/AudioLoopMainScreen.kt:1319:35 Unresolved reference 'them
eColors'.
e: file:///C:/Users/kasutaja/Documents/Ahti/AndroidProjects/audioloop/app/src/main/ja
va/com/example/audioloop/ui/AudioLoopMainScreen.kt:1320:50 Unresolved reference 'curr
entlyPlayingPlaylistId'.
e: file:///C:/Users/kasutaja/Documents/Ahti/AndroidProjects/audioloop/app/src/main/ja
va/com/example/audioloop/ui/AudioLoopMainScreen.kt:1326:9 Syntax error: Expecting a t
op level declaration.
e: file:///C:/Users/kasutaja/Documents/Ahti/AndroidProjects/audioloop/app/src/main/ja
va/com/example/audioloop/ui/AudioLoopMainScreen.kt:1326:24 Syntax error: Expecting a 
top level declaration.
e: file:///C:/Users/kasutaja/Documents/Ahti/AndroidProjects/audioloop/app/src/main/ja
va/com/example/audioloop/ui/AudioLoopMainScreen.kt:1327:13 Syntax error: Expecting a 
top level declaration.
e: file:///C:/Users/kasutaja/Documents/Ahti/AndroidProjects/audioloop/app/src/main/ja
va/com/example/audioloop/ui/AudioLoopMainScreen.kt:1327:25 Syntax error: Expecting a 
top level declaration.
e: file:///C:/Users/kasutaja/Documents/Ahti/AndroidProjects/audioloop/app/src/main/ja
va/com/example/audioloop/ui/AudioLoopMainScreen.kt:1327:27 Syntax error: Expecting a 
top level declaration.
e: file:///C:/Users/kasutaja/Documents/Ahti/AndroidProjects/audioloop/app/src/main/ja
va/com/example/audioloop/ui/AudioLoopMainScreen.kt:1327:43 Syntax error: Expecting a 
top level declaration.
e: file:///C:/Users/kasutaja/Documents/Ahti/AndroidProjects/audioloop/app/src/main/ja
va/com/example/audioloop/ui/AudioLoopMainScreen.kt:1328:13 Syntax error: Expecting a 
top level declaration.
e: file:///C:/Users/kasutaja/Documents/Ahti/AndroidProjects/audioloop/app/src/main/ja
va/com/example/audioloop/ui/AudioLoopMainScreen.kt:1328:28 Syntax error: Expecting a 
top level declaration.
e: file:///C:/Users/kasutaja/Documents/Ahti/AndroidProjects/audioloop/app/src/main/ja
va/com/example/audioloop/ui/AudioLoopMainScreen.kt:1328:30 Syntax error: Expecting a 
top level declaration.
e: file:///C:/Users/kasutaja/Documents/Ahti/AndroidProjects/audioloop/app/src/main/ja
va/com/example/audioloop/ui/AudioLoopMainScreen.kt:1328:30 Function declaration must 
have a name.
e: file:///C:/Users/kasutaja/Documents/Ahti/AndroidProjects/audioloop/app/src/main/ja
va/com/example/audioloop/ui/AudioLoopMainScreen.kt:1330:14 Syntax error: Expecting a 
top level declaration.
e: file:///C:/Users/kasutaja/Documents/Ahti/AndroidProjects/audioloop/app/src/main/ja
va/com/example/audioloop/ui/AudioLoopMainScreen.kt:1331:13 Syntax error: Expecting a 
top level declaration.
e: file:///C:/Users/kasutaja/Documents/Ahti/AndroidProjects/audioloop/app/src/main/ja
va/com/example/audioloop/ui/AudioLoopMainScreen.kt:1331:19 Syntax error: Expecting a 
top level declaration.
e: file:///C:/Users/kasutaja/Documents/Ahti/AndroidProjects/audioloop/app/src/main/ja
va/com/example/audioloop/ui/AudioLoopMainScreen.kt:1331:21 Syntax error: Expecting a 
top level declaration.
e: file:///C:/Users/kasutaja/Documents/Ahti/AndroidProjects/audioloop/app/src/main/ja
va/com/example/audioloop/ui/AudioLoopMainScreen.kt:1331:22 Syntax error: Expecting a 
top level declaration.
e: file:///C:/Users/kasutaja/Documents/Ahti/AndroidProjects/audioloop/app/src/main/ja
va/com/example/audioloop/ui/AudioLoopMainScreen.kt:1331:34 Syntax error: Expecting a 
top level declaration.
e: file:///C:/Users/kasutaja/Documents/Ahti/AndroidProjects/audioloop/app/src/main/ja
va/com/example/audioloop/ui/AudioLoopMainScreen.kt:1332:9 Syntax error: Expecting a t
op level declaration.
e: file:///C:/Users/kasutaja/Documents/Ahti/AndroidProjects/audioloop/app/src/main/ja
va/com/example/audioloop/ui/AudioLoopMainScreen.kt:1332:11 Syntax error: Expecting a 
top level declaration.
e: file:///C:/Users/kasutaja/Documents/Ahti/AndroidProjects/audioloop/app/src/main/ja
va/com/example/audioloop/ui/AudioLoopMainScreen.kt:1332:11 Functions which invoke @Co
mposable functions must be marked with the @Composable annotation
e: file:///C:/Users/kasutaja/Documents/Ahti/AndroidProjects/audioloop/app/src/main/ja
va/com/example/audioloop/ui/AudioLoopMainScreen.kt:1332:11 Function declaration must 
have a name.
e: file:///C:/Users/kasutaja/Documents/Ahti/AndroidProjects/audioloop/app/src/main/ja
va/com/example/audioloop/ui/AudioLoopMainScreen.kt:1332:13 Unresolved reference 'visi
ble'.
e: file:///C:/Users/kasutaja/Documents/Ahti/AndroidProjects/audioloop/app/src/main/ja
va/com/example/audioloop/ui/AudioLoopMainScreen.kt:1332:21 Syntax error: Unexpected t
okens (use ';' to separate expressions on the same line).
e: file:///C:/Users/kasutaja/Documents/Ahti/AndroidProjects/audioloop/app/src/main/ja
va/com/example/audioloop/ui/AudioLoopMainScreen.kt:1333:17 Unresolved reference 'visi
ble'.
e: file:///C:/Users/kasutaja/Documents/Ahti/AndroidProjects/audioloop/app/src/main/ja
va/com/example/audioloop/ui/AudioLoopMainScreen.kt:1334:38 Unresolved reference 'play
lists'.
e: file:///C:/Users/kasutaja/Documents/Ahti/AndroidProjects/audioloop/app/src/main/ja
va/com/example/audioloop/ui/AudioLoopMainScreen.kt:1334:55 Unresolved reference 'it'.
e: file:///C:/Users/kasutaja/Documents/Ahti/AndroidProjects/audioloop/app/src/main/ja
va/com/example/audioloop/ui/AudioLoopMainScreen.kt:1334:64 Unresolved reference 'curr
entlyPlayingPlaylistId'.
e: file:///C:/Users/kasutaja/Documents/Ahti/AndroidProjects/audioloop/app/src/main/ja
va/com/example/audioloop/ui/AudioLoopMainScreen.kt:1336:21 @Composable invocations ca
n only happen from the context of a @Composable function
e: file:///C:/Users/kasutaja/Documents/Ahti/AndroidProjects/audioloop/app/src/main/ja
va/com/example/audioloop/ui/AudioLoopMainScreen.kt:1337:36 Argument type mismatch: ac
tual type is 'kotlin.Any', but 'com.example.audioloop.Playlist' was expected.
e: file:///C:/Users/kasutaja/Documents/Ahti/AndroidProjects/audioloop/app/src/main/ja
va/com/example/audioloop/ui/AudioLoopMainScreen.kt:1338:43 Unresolved reference 'play
ingFileName'.
e: file:///C:/Users/kasutaja/Documents/Ahti/AndroidProjects/audioloop/app/src/main/ja
va/com/example/audioloop/ui/AudioLoopMainScreen.kt:1339:44 Unresolved reference 'curr
entPlaylistIteration'.
e: file:///C:/Users/kasutaja/Documents/Ahti/AndroidProjects/audioloop/app/src/main/ja
va/com/example/audioloop/ui/AudioLoopMainScreen.kt:1340:36 Unresolved reference 'isPa
used'.
e: file:///C:/Users/kasutaja/Documents/Ahti/AndroidProjects/audioloop/app/src/main/ja
va/com/example/audioloop/ui/AudioLoopMainScreen.kt:1341:41 Unresolved reference 'onGe
tAllRecordings'.
e: file:///C:/Users/kasutaja/Documents/Ahti/AndroidProjects/audioloop/app/src/main/ja
va/com/example/audioloop/ui/AudioLoopMainScreen.kt:1342:39 Unresolved reference 'them
eColors'.
e: file:///C:/Users/kasutaja/Documents/Ahti/AndroidProjects/audioloop/app/src/main/ja
va/com/example/audioloop/ui/AudioLoopMainScreen.kt:1343:36 Unresolved reference 'show
PlaylistView'.
e: file:///C:/Users/kasutaja/Documents/Ahti/AndroidProjects/audioloop/app/src/main/ja
va/com/example/audioloop/ui/AudioLoopMainScreen.kt:1344:35 Unresolved reference 'onPa
usePlay'.
e: file:///C:/Users/kasutaja/Documents/Ahti/AndroidProjects/audioloop/app/src/main/ja
va/com/example/audioloop/ui/AudioLoopMainScreen.kt:1345:36 Unresolved reference 'onRe
sumePlay'.
e: file:///C:/Users/kasutaja/Documents/Ahti/AndroidProjects/audioloop/app/src/main/ja
va/com/example/audioloop/ui/AudioLoopMainScreen.kt:1347:29 Unresolved reference 'onSt
opPlay'.
e: file:///C:/Users/kasutaja/Documents/Ahti/AndroidProjects/audioloop/app/src/main/ja
va/com/example/audioloop/ui/AudioLoopMainScreen.kt:1348:29 Unresolved reference 'show
PlaylistView'.
e: file:///C:/Users/kasutaja/Documents/Ahti/AndroidProjects/audioloop/app/src/main/ja
va/com/example/audioloop/ui/AudioLoopMainScreen.kt:1356:9 Syntax error: Expecting a t
op level declaration.
e: file:///C:/Users/kasutaja/Documents/Ahti/AndroidProjects/audioloop/app/src/main/ja
va/com/example/audioloop/ui/AudioLoopMainScreen.kt:1356:24 Syntax error: Expecting a 
top level declaration.
e: file:///C:/Users/kasutaja/Documents/Ahti/AndroidProjects/audioloop/app/src/main/ja
va/com/example/audioloop/ui/AudioLoopMainScreen.kt:1357:13 Syntax error: Expecting a 
top level declaration.
e: file:///C:/Users/kasutaja/Documents/Ahti/AndroidProjects/audioloop/app/src/main/ja
va/com/example/audioloop/ui/AudioLoopMainScreen.kt:1357:25 Syntax error: Expecting a 
top level declaration.
e: file:///C:/Users/kasutaja/Documents/Ahti/AndroidProjects/audioloop/app/src/main/ja
va/com/example/audioloop/ui/AudioLoopMainScreen.kt:1357:27 Syntax error: Expecting a 
top level declaration.
e: file:///C:/Users/kasutaja/Documents/Ahti/AndroidProjects/audioloop/app/src/main/ja
va/com/example/audioloop/ui/AudioLoopMainScreen.kt:1357:42 Syntax error: Expecting a 
top level declaration.
e: file:///C:/Users/kasutaja/Documents/Ahti/AndroidProjects/audioloop/app/src/main/ja
va/com/example/audioloop/ui/AudioLoopMainScreen.kt:1358:13 Syntax error: Expecting a 
top level declaration.
e: file:///C:/Users/kasutaja/Documents/Ahti/AndroidProjects/audioloop/app/src/main/ja
va/com/example/audioloop/ui/AudioLoopMainScreen.kt:1358:28 Syntax error: Expecting a 
top level declaration.
e: file:///C:/Users/kasutaja/Documents/Ahti/AndroidProjects/audioloop/app/src/main/ja
va/com/example/audioloop/ui/AudioLoopMainScreen.kt:1358:30 Syntax error: Expecting a 
top level declaration.
e: file:///C:/Users/kasutaja/Documents/Ahti/AndroidProjects/audioloop/app/src/main/ja
va/com/example/audioloop/ui/AudioLoopMainScreen.kt:1358:30 Function declaration must 
have a name.
e: file:///C:/Users/kasutaja/Documents/Ahti/AndroidProjects/audioloop/app/src/main/ja
va/com/example/audioloop/ui/AudioLoopMainScreen.kt:1360:14 Syntax error: Expecting a 
top level declaration.
e: file:///C:/Users/kasutaja/Documents/Ahti/AndroidProjects/audioloop/app/src/main/ja
va/com/example/audioloop/ui/AudioLoopMainScreen.kt:1361:13 Syntax error: Expecting a 
top level declaration.
e: file:///C:/Users/kasutaja/Documents/Ahti/AndroidProjects/audioloop/app/src/main/ja
va/com/example/audioloop/ui/AudioLoopMainScreen.kt:1361:19 Syntax error: Expecting a 
top level declaration.
e: file:///C:/Users/kasutaja/Documents/Ahti/AndroidProjects/audioloop/app/src/main/ja
va/com/example/audioloop/ui/AudioLoopMainScreen.kt:1361:21 Syntax error: Expecting a 
top level declaration.
e: file:///C:/Users/kasutaja/Documents/Ahti/AndroidProjects/audioloop/app/src/main/ja
va/com/example/audioloop/ui/AudioLoopMainScreen.kt:1361:22 Syntax error: Expecting a 
top level declaration.
e: file:///C:/Users/kasutaja/Documents/Ahti/AndroidProjects/audioloop/app/src/main/ja
va/com/example/audioloop/ui/AudioLoopMainScreen.kt:1361:36 Syntax error: Expecting a 
top level declaration.
e: file:///C:/Users/kasutaja/Documents/Ahti/AndroidProjects/audioloop/app/src/main/ja
va/com/example/audioloop/ui/AudioLoopMainScreen.kt:1362:9 Syntax error: Expecting a t
op level declaration.
e: file:///C:/Users/kasutaja/Documents/Ahti/AndroidProjects/audioloop/app/src/main/ja
va/com/example/audioloop/ui/AudioLoopMainScreen.kt:1362:11 Syntax error: Expecting a 
top level declaration.
e: file:///C:/Users/kasutaja/Documents/Ahti/AndroidProjects/audioloop/app/src/main/ja
va/com/example/audioloop/ui/AudioLoopMainScreen.kt:1362:11 Functions which invoke @Co
mposable functions must be marked with the @Composable annotation
e: file:///C:/Users/kasutaja/Documents/Ahti/AndroidProjects/audioloop/app/src/main/ja
va/com/example/audioloop/ui/AudioLoopMainScreen.kt:1362:11 Function declaration must 
have a name.
e: file:///C:/Users/kasutaja/Documents/Ahti/AndroidProjects/audioloop/app/src/main/ja
va/com/example/audioloop/ui/AudioLoopMainScreen.kt:1362:13 Unresolved reference 'targ
etPlaylist'.
e: file:///C:/Users/kasutaja/Documents/Ahti/AndroidProjects/audioloop/app/src/main/ja
va/com/example/audioloop/ui/AudioLoopMainScreen.kt:1362:28 Syntax error: Unexpected t
okens (use ';' to separate expressions on the same line).
e: file:///C:/Users/kasutaja/Documents/Ahti/AndroidProjects/audioloop/app/src/main/ja
va/com/example/audioloop/ui/AudioLoopMainScreen.kt:1363:17 Unresolved reference 'targ
etPlaylist'.
e: file:///C:/Users/kasutaja/Documents/Ahti/AndroidProjects/audioloop/app/src/main/ja
va/com/example/audioloop/ui/AudioLoopMainScreen.kt:1365:17 @Composable invocations ca
n only happen from the context of a @Composable function
e: file:///C:/Users/kasutaja/Documents/Ahti/AndroidProjects/audioloop/app/src/main/ja
va/com/example/audioloop/ui/AudioLoopMainScreen.kt:1365:31 Unresolved reference 'edit
ingPlaylist'.
e: file:///C:/Users/kasutaja/Documents/Ahti/AndroidProjects/audioloop/app/src/main/ja
va/com/example/audioloop/ui/AudioLoopMainScreen.kt:1367:17 @Composable invocations ca
n only happen from the context of a @Composable function
e: file:///C:/Users/kasutaja/Documents/Ahti/AndroidProjects/audioloop/app/src/main/ja
va/com/example/audioloop/ui/AudioLoopMainScreen.kt:1368:32 Unresolved reference 'targ
etPlaylist'.
e: file:///C:/Users/kasutaja/Documents/Ahti/AndroidProjects/audioloop/app/src/main/ja
va/com/example/audioloop/ui/AudioLoopMainScreen.kt:1369:37 Unresolved reference 'cate
gories'.
e: file:///C:/Users/kasutaja/Documents/Ahti/AndroidProjects/audioloop/app/src/main/ja
va/com/example/audioloop/ui/AudioLoopMainScreen.kt:1371:25 Unresolved reference 'onGe
tAllRecordings'.
e: file:///C:/Users/kasutaja/Documents/Ahti/AndroidProjects/audioloop/app/src/main/ja
va/com/example/audioloop/ui/AudioLoopMainScreen.kt:1371:55 Cannot infer type for this
 parameter. Please specify it explicitly.
e: file:///C:/Users/kasutaja/Documents/Ahti/AndroidProjects/audioloop/app/src/main/ja
va/com/example/audioloop/ui/AudioLoopMainScreen.kt:1372:45 Unresolved reference 'file
'.
e: file:///C:/Users/kasutaja/Documents/Ahti/AndroidProjects/audioloop/app/src/main/ja
va/com/example/audioloop/ui/AudioLoopMainScreen.kt:1377:55 Unresolved reference 'file
'.
e: file:///C:/Users/kasutaja/Documents/Ahti/AndroidProjects/audioloop/app/src/main/ja
va/com/example/audioloop/ui/AudioLoopMainScreen.kt:1387:25 Unresolved reference 'onGe
tAllRecordings'.
e: file:///C:/Users/kasutaja/Documents/Ahti/AndroidProjects/audioloop/app/src/main/ja
va/com/example/audioloop/ui/AudioLoopMainScreen.kt:1387:53 Unresolved reference 'it'.
e: file:///C:/Users/kasutaja/Documents/Ahti/AndroidProjects/audioloop/app/src/main/ja
va/com/example/audioloop/ui/AudioLoopMainScreen.kt:1387:76 Unresolved reference 'dura
tionString'.
e: file:///C:/Users/kasutaja/Documents/Ahti/AndroidProjects/audioloop/app/src/main/ja
va/com/example/audioloop/ui/AudioLoopMainScreen.kt:1390:25 Unresolved reference 'onSa
vePlaylist'.
e: file:///C:/Users/kasutaja/Documents/Ahti/AndroidProjects/audioloop/app/src/main/ja
va/com/example/audioloop/ui/AudioLoopMainScreen.kt:1391:25 Unresolved reference 'edit
ingPlaylist'.
e: file:///C:/Users/kasutaja/Documents/Ahti/AndroidProjects/audioloop/app/src/main/ja
va/com/example/audioloop/ui/AudioLoopMainScreen.kt:1393:33 Unresolved reference 'edit
ingPlaylist'.
e: file:///C:/Users/kasutaja/Documents/Ahti/AndroidProjects/audioloop/app/src/main/ja
va/com/example/audioloop/ui/AudioLoopMainScreen.kt:1394:35 Unresolved reference 'them
eColors'.
e: file:///C:/Users/kasutaja/Documents/Ahti/AndroidProjects/audioloop/app/src/main/ja
va/com/example/audioloop/ui/AudioLoopMainScreen.kt:1398:5 Syntax error: Expecting a t
op level declaration.
e: file:///C:/Users/kasutaja/Documents/Ahti/AndroidProjects/audioloop/app/src/main/ja
va/com/example/audioloop/ui/AudioLoopMainScreen.kt:1399:1 Syntax error: Expecting a t
op level declaration.
e: file:///C:/Users/kasutaja/Documents/Ahti/AndroidProjects/audioloop/app/src/main/ja
va/com/example/audioloop/ui/AudioLoopMainScreen.kt:1400:1 Syntax error: Expecting a t
op level declaration.
e: file:///C:/Users/kasutaja/Documents/Ahti/AndroidProjects/audioloop/app/src/main/ja
va/com/example/audioloop/ui/PlaylistEditorScreen.kt:246:29 None of the following cand
idates is applicable:
fun Icon(bitmap: ImageBitmap, contentDescription: String?, modifier: Modifier = ..., 
tint: Color = ...): Unit
fun Icon(painter: Painter, tint: ColorProducer?, contentDescription: String?, modifie
r: Modifier = ...): Unit
fun Icon(painter: Painter, contentDescription: String?, modifier: Modifier = ..., tin
t: Color = ...): Unit
fun Icon(imageVector: ImageVector, contentDescription: String?, modifier: Modifier = 
..., tint: Color = ...): Unit
e: file:///C:/Users/kasutaja/Documents/Ahti/AndroidProjects/audioloop/app/src/main/ja
va/com/example/audioloop/ui/PlaylistSheet.kt:344:17 Cannot infer type for this parame
ter. Please specify it explicitly.
e: file:///C:/Users/kasutaja/Documents/Ahti/AndroidProjects/audioloop/app/src/main/ja
va/com/example/audioloop/ui/PlaylistSheet.kt:344:17 @Composable invocations can only 
happen from the context of a @Composable function
e: file:///C:/Users/kasutaja/Documents/Ahti/AndroidProjects/audioloop/app/src/main/ja
va/com/example/audioloop/ui/PlaylistSheet.kt:344:17 Not enough information to infer t
ype argument for 'T'.
e: file:///C:/Users/kasutaja/Documents/Ahti/AndroidProjects/audioloop/app/src/main/ja
va/com/example/audioloop/ui/PlaylistSheet.kt:344:17 Cannot infer type for this parame
ter. Please specify it explicitly.
e: file:///C:/Users/kasutaja/Documents/Ahti/AndroidProjects/audioloop/app/src/main/ja
va/com/example/audioloop/ui/PlaylistSheet.kt:344:17 Not enough information to infer t
ype argument for 'T'.
e: file:///C:/Users/kasutaja/Documents/Ahti/AndroidProjects/audioloop/app/src/main/ja
va/com/example/audioloop/ui/PlaylistSheet.kt:344:26 Cannot infer type for this parame
ter. Please specify it explicitly.
e: file:///C:/Users/kasutaja/Documents/Ahti/AndroidProjects/audioloop/app/src/main/ja
va/com/example/audioloop/ui/PlaylistSheet.kt:344:28 Cannot infer type for this parame
ter. Please specify it explicitly.
e: file:///C:/Users/kasutaja/Documents/Ahti/AndroidProjects/audioloop/app/src/main/ja
va/com/example/audioloop/ui/PlaylistSheet.kt:344:28 Not enough information to infer t
ype argument for 'T'.
e: file:///C:/Users/kasutaja/Documents/Ahti/AndroidProjects/audioloop/app/src/main/ja
va/com/example/audioloop/ui/PlaylistSheet.kt:344:43 Unresolved reference 'playlist'.
e: file:///C:/Users/kasutaja/Documents/Ahti/AndroidProjects/audioloop/app/src/main/ja
va/com/example/audioloop/ui/PlaylistSheet.kt:345:18 Cannot infer type for this parame
ter. Please specify it explicitly.
e: file:///C:/Users/kasutaja/Documents/Ahti/AndroidProjects/audioloop/app/src/main/ja
va/com/example/audioloop/ui/PlaylistSheet.kt:345:18 @Composable invocations can only 
happen from the context of a @Composable function
e: file:///C:/Users/kasutaja/Documents/Ahti/AndroidProjects/audioloop/app/src/main/ja
va/com/example/audioloop/ui/PlaylistSheet.kt:345:18 Not enough information to infer t
ype argument for 'T'.
e: file:///C:/Users/kasutaja/Documents/Ahti/AndroidProjects/audioloop/app/src/main/ja
va/com/example/audioloop/ui/PlaylistSheet.kt:345:18 Cannot infer type for this parame
ter. Please specify it explicitly.
e: file:///C:/Users/kasutaja/Documents/Ahti/AndroidProjects/audioloop/app/src/main/ja
va/com/example/audioloop/ui/PlaylistSheet.kt:345:18 Not enough information to infer t
ype argument for 'T'.
e: file:///C:/Users/kasutaja/Documents/Ahti/AndroidProjects/audioloop/app/src/main/ja
va/com/example/audioloop/ui/PlaylistSheet.kt:345:27 Cannot infer type for this parame
ter. Please specify it explicitly.
e: file:///C:/Users/kasutaja/Documents/Ahti/AndroidProjects/audioloop/app/src/main/ja
va/com/example/audioloop/ui/PlaylistSheet.kt:345:29 Cannot infer type for this parame
ter. Please specify it explicitly.
e: file:///C:/Users/kasutaja/Documents/Ahti/AndroidProjects/audioloop/app/src/main/ja
va/com/example/audioloop/ui/PlaylistSheet.kt:345:29 Not enough information to infer t
ype argument for 'T'.
e: file:///C:/Users/kasutaja/Documents/Ahti/AndroidProjects/audioloop/app/src/main/ja
va/com/example/audioloop/ui/PlaylistSheet.kt:345:44 Unresolved reference 'playlist'.
e: file:///C:/Users/kasutaja/Documents/Ahti/AndroidProjects/audioloop/app/src/main/ja
va/com/example/audioloop/ui/PlaylistSheet.kt:346:23 Cannot infer type for this parame
ter. Please specify it explicitly.
e: file:///C:/Users/kasutaja/Documents/Ahti/AndroidProjects/audioloop/app/src/main/ja
va/com/example/audioloop/ui/PlaylistSheet.kt:346:23 @Composable invocations can only 
happen from the context of a @Composable function
e: file:///C:/Users/kasutaja/Documents/Ahti/AndroidProjects/audioloop/app/src/main/ja
va/com/example/audioloop/ui/PlaylistSheet.kt:346:23 Not enough information to infer t
ype argument for 'T'.
e: file:///C:/Users/kasutaja/Documents/Ahti/AndroidProjects/audioloop/app/src/main/ja
va/com/example/audioloop/ui/PlaylistSheet.kt:346:23 Cannot infer type for this parame
ter. Please specify it explicitly.
e: file:///C:/Users/kasutaja/Documents/Ahti/AndroidProjects/audioloop/app/src/main/ja
va/com/example/audioloop/ui/PlaylistSheet.kt:346:23 Not enough information to infer t
ype argument for 'T'.
e: file:///C:/Users/kasutaja/Documents/Ahti/AndroidProjects/audioloop/app/src/main/ja
va/com/example/audioloop/ui/PlaylistSheet.kt:346:32 Cannot infer type for this parame
ter. Please specify it explicitly.
e: file:///C:/Users/kasutaja/Documents/Ahti/AndroidProjects/audioloop/app/src/main/ja
va/com/example/audioloop/ui/PlaylistSheet.kt:346:34 Cannot infer type for this parame
ter. Please specify it explicitly.
e: file:///C:/Users/kasutaja/Documents/Ahti/AndroidProjects/audioloop/app/src/main/ja
va/com/example/audioloop/ui/PlaylistSheet.kt:346:34 Not enough information to infer t
ype argument for 'T'.
e: file:///C:/Users/kasutaja/Documents/Ahti/AndroidProjects/audioloop/app/src/main/ja
va/com/example/audioloop/ui/PlaylistSheet.kt:346:49 Unresolved reference 'playlist'.
e: file:///C:/Users/kasutaja/Documents/Ahti/AndroidProjects/audioloop/app/src/main/ja
va/com/example/audioloop/ui/PlaylistSheet.kt:347:20 Cannot infer type for this parame
ter. Please specify it explicitly.
e: file:///C:/Users/kasutaja/Documents/Ahti/AndroidProjects/audioloop/app/src/main/ja
va/com/example/audioloop/ui/PlaylistSheet.kt:347:20 @Composable invocations can only 
happen from the context of a @Composable function
e: file:///C:/Users/kasutaja/Documents/Ahti/AndroidProjects/audioloop/app/src/main/ja
va/com/example/audioloop/ui/PlaylistSheet.kt:347:20 Not enough information to infer t
ype argument for 'T'.
e: file:///C:/Users/kasutaja/Documents/Ahti/AndroidProjects/audioloop/app/src/main/ja
va/com/example/audioloop/ui/PlaylistSheet.kt:347:20 Cannot infer type for this parame
ter. Please specify it explicitly.
e: file:///C:/Users/kasutaja/Documents/Ahti/AndroidProjects/audioloop/app/src/main/ja
va/com/example/audioloop/ui/PlaylistSheet.kt:347:20 Not enough information to infer t
ype argument for 'T'.
e: file:///C:/Users/kasutaja/Documents/Ahti/AndroidProjects/audioloop/app/src/main/ja
va/com/example/audioloop/ui/PlaylistSheet.kt:347:29 Cannot infer type for this parame
ter. Please specify it explicitly.
e: file:///C:/Users/kasutaja/Documents/Ahti/AndroidProjects/audioloop/app/src/main/ja
va/com/example/audioloop/ui/PlaylistSheet.kt:347:31 Cannot infer type for this parame
ter. Please specify it explicitly.
e: file:///C:/Users/kasutaja/Documents/Ahti/AndroidProjects/audioloop/app/src/main/ja
va/com/example/audioloop/ui/PlaylistSheet.kt:347:31 Not enough information to infer t
ype argument for 'T'.
e: file:///C:/Users/kasutaja/Documents/Ahti/AndroidProjects/audioloop/app/src/main/ja
va/com/example/audioloop/ui/PlaylistSheet.kt:347:46 Unresolved reference 'playlist'.
e: file:///C:/Users/kasutaja/Documents/Ahti/AndroidProjects/audioloop/app/src/main/ja
va/com/example/audioloop/ui/PlaylistSheet.kt:349:18 Cannot infer type for this parame
ter. Please specify it explicitly.
e: file:///C:/Users/kasutaja/Documents/Ahti/AndroidProjects/audioloop/app/src/main/ja
va/com/example/audioloop/ui/PlaylistSheet.kt:349:18 @Composable invocations can only 
happen from the context of a @Composable function
e: file:///C:/Users/kasutaja/Documents/Ahti/AndroidProjects/audioloop/app/src/main/ja
va/com/example/audioloop/ui/PlaylistSheet.kt:349:18 Not enough information to infer t
ype argument for 'T'.
e: file:///C:/Users/kasutaja/Documents/Ahti/AndroidProjects/audioloop/app/src/main/ja
va/com/example/audioloop/ui/PlaylistSheet.kt:349:18 Cannot infer type for this parame
ter. Please specify it explicitly.
e: file:///C:/Users/kasutaja/Documents/Ahti/AndroidProjects/audioloop/app/src/main/ja
va/com/example/audioloop/ui/PlaylistSheet.kt:349:18 Not enough information to infer t
ype argument for 'T'.
e: file:///C:/Users/kasutaja/Documents/Ahti/AndroidProjects/audioloop/app/src/main/ja
va/com/example/audioloop/ui/PlaylistSheet.kt:349:27 Cannot infer type for this parame
ter. Please specify it explicitly.
e: file:///C:/Users/kasutaja/Documents/Ahti/AndroidProjects/audioloop/app/src/main/ja
va/com/example/audioloop/ui/PlaylistSheet.kt:349:29 Cannot infer type for this parame
ter. Please specify it explicitly.
e: file:///C:/Users/kasutaja/Documents/Ahti/AndroidProjects/audioloop/app/src/main/ja
va/com/example/audioloop/ui/PlaylistSheet.kt:349:29 Not enough information to infer t
ype argument for 'T'.
e: file:///C:/Users/kasutaja/Documents/Ahti/AndroidProjects/audioloop/app/src/main/ja
va/com/example/audioloop/ui/PlaylistSheet.kt:349:44 Unresolved reference 'playlist'.
e: file:///C:/Users/kasutaja/Documents/Ahti/AndroidProjects/audioloop/app/src/main/ja
va/com/example/audioloop/ui/PlaylistSheet.kt:350:18 Cannot infer type for this parame
ter. Please specify it explicitly.
e: file:///C:/Users/kasutaja/Documents/Ahti/AndroidProjects/audioloop/app/src/main/ja
va/com/example/audioloop/ui/PlaylistSheet.kt:350:18 @Composable invocations can only 
happen from the context of a @Composable function
e: file:///C:/Users/kasutaja/Documents/Ahti/AndroidProjects/audioloop/app/src/main/ja
va/com/example/audioloop/ui/PlaylistSheet.kt:350:18 Not enough information to infer t
ype argument for 'T'.
e: file:///C:/Users/kasutaja/Documents/Ahti/AndroidProjects/audioloop/app/src/main/ja
va/com/example/audioloop/ui/PlaylistSheet.kt:350:18 Cannot infer type for this parame
ter. Please specify it explicitly.
e: file:///C:/Users/kasutaja/Documents/Ahti/AndroidProjects/audioloop/app/src/main/ja
va/com/example/audioloop/ui/PlaylistSheet.kt:350:18 Not enough information to infer t
ype argument for 'T'.
e: file:///C:/Users/kasutaja/Documents/Ahti/AndroidProjects/audioloop/app/src/main/ja
va/com/example/audioloop/ui/PlaylistSheet.kt:350:27 Cannot infer type for this parame
ter. Please specify it explicitly.
e: file:///C:/Users/kasutaja/Documents/Ahti/AndroidProjects/audioloop/app/src/main/ja
va/com/example/audioloop/ui/PlaylistSheet.kt:350:29 Cannot infer type for this parame
ter. Please specify it explicitly.
e: file:///C:/Users/kasutaja/Documents/Ahti/AndroidProjects/audioloop/app/src/main/ja
va/com/example/audioloop/ui/PlaylistSheet.kt:350:29 Not enough information to infer t
ype argument for 'T'.
e: file:///C:/Users/kasutaja/Documents/Ahti/AndroidProjects/audioloop/app/src/main/ja
va/com/example/audioloop/ui/PlaylistSheet.kt:350:44 Unresolved reference 'playlist'.
e: file:///C:/Users/kasutaja/Documents/Ahti/AndroidProjects/audioloop/app/src/main/ja
va/com/example/audioloop/ui/PlaylistSheet.kt:351:22 Cannot infer type for this parame
ter. Please specify it explicitly.
e: file:///C:/Users/kasutaja/Documents/Ahti/AndroidProjects/audioloop/app/src/main/ja
va/com/example/audioloop/ui/PlaylistSheet.kt:351:22 @Composable invocations can only 
happen from the context of a @Composable function
e: file:///C:/Users/kasutaja/Documents/Ahti/AndroidProjects/audioloop/app/src/main/ja
va/com/example/audioloop/ui/PlaylistSheet.kt:351:22 Not enough information to infer t
ype argument for 'T'.
e: file:///C:/Users/kasutaja/Documents/Ahti/AndroidProjects/audioloop/app/src/main/ja
va/com/example/audioloop/ui/PlaylistSheet.kt:351:22 Cannot infer type for this parame
ter. Please specify it explicitly.
e: file:///C:/Users/kasutaja/Documents/Ahti/AndroidProjects/audioloop/app/src/main/ja
va/com/example/audioloop/ui/PlaylistSheet.kt:351:22 Not enough information to infer t
ype argument for 'T'.
e: file:///C:/Users/kasutaja/Documents/Ahti/AndroidProjects/audioloop/app/src/main/ja
va/com/example/audioloop/ui/PlaylistSheet.kt:351:31 Cannot infer type for this parame
ter. Please specify it explicitly.
e: file:///C:/Users/kasutaja/Documents/Ahti/AndroidProjects/audioloop/app/src/main/ja
va/com/example/audioloop/ui/PlaylistSheet.kt:351:33 Cannot infer type for this parame
ter. Please specify it explicitly.
e: file:///C:/Users/kasutaja/Documents/Ahti/AndroidProjects/audioloop/app/src/main/ja
va/com/example/audioloop/ui/PlaylistSheet.kt:351:33 Not enough information to infer t
ype argument for 'T'.
e: file:///C:/Users/kasutaja/Documents/Ahti/AndroidProjects/audioloop/app/src/main/ja
va/com/example/audioloop/ui/PlaylistSheet.kt:351:48 Unresolved reference 'playlist'.
e: file:///C:/Users/kasutaja/Documents/Ahti/AndroidProjects/audioloop/app/src/main/ja
va/com/example/audioloop/ui/PlaylistSheet.kt:352:25 Cannot infer type for this parame
ter. Please specify it explicitly.
e: file:///C:/Users/kasutaja/Documents/Ahti/AndroidProjects/audioloop/app/src/main/ja
va/com/example/audioloop/ui/PlaylistSheet.kt:352:25 @Composable invocations can only 
happen from the context of a @Composable function
e: file:///C:/Users/kasutaja/Documents/Ahti/AndroidProjects/audioloop/app/src/main/ja
va/com/example/audioloop/ui/PlaylistSheet.kt:352:25 Not enough information to infer t
ype argument for 'T'.
e: file:///C:/Users/kasutaja/Documents/Ahti/AndroidProjects/audioloop/app/src/main/ja
va/com/example/audioloop/ui/PlaylistSheet.kt:352:25 Cannot infer type for this parame
ter. Please specify it explicitly.
e: file:///C:/Users/kasutaja/Documents/Ahti/AndroidProjects/audioloop/app/src/main/ja
va/com/example/audioloop/ui/PlaylistSheet.kt:352:25 Not enough information to infer t
ype argument for 'T'.
e: file:///C:/Users/kasutaja/Documents/Ahti/AndroidProjects/audioloop/app/src/main/ja
va/com/example/audioloop/ui/PlaylistSheet.kt:352:34 Cannot infer type for this parame
ter. Please specify it explicitly.
e: file:///C:/Users/kasutaja/Documents/Ahti/AndroidProjects/audioloop/app/src/main/ja
va/com/example/audioloop/ui/PlaylistSheet.kt:352:36 Cannot infer type for this parame
ter. Please specify it explicitly.
e: file:///C:/Users/kasutaja/Documents/Ahti/AndroidProjects/audioloop/app/src/main/ja
va/com/example/audioloop/ui/PlaylistSheet.kt:352:36 Not enough information to infer t
ype argument for 'T'.
e: file:///C:/Users/kasutaja/Documents/Ahti/AndroidProjects/audioloop/app/src/main/ja
va/com/example/audioloop/ui/PlaylistSheet.kt:352:51 Unresolved reference 'playlist'.
e: file:///C:/Users/kasutaja/Documents/Ahti/AndroidProjects/audioloop/app/src/main/ja
va/com/example/audioloop/ui/PlaylistSheet.kt:354:27 @Composable invocations can only 
happen from the context of a @Composable function
e: file:///C:/Users/kasutaja/Documents/Ahti/AndroidProjects/audioloop/app/src/main/ja
va/com/example/audioloop/ui/PlaylistSheet.kt:356:5 Syntax error: Expecting a top leve
l declaration.
e: file:///C:/Users/kasutaja/Documents/Ahti/AndroidProjects/audioloop/app/src/main/ja
va/com/example/audioloop/ui/PlaylistSheet.kt:356:8 Syntax error: Expecting a top leve
l declaration.
e: file:///C:/Users/kasutaja/Documents/Ahti/AndroidProjects/audioloop/app/src/main/ja
va/com/example/audioloop/ui/PlaylistSheet.kt:356:9 Syntax error: Expecting a top leve
l declaration.
e: file:///C:/Users/kasutaja/Documents/Ahti/AndroidProjects/audioloop/app/src/main/ja
va/com/example/audioloop/ui/PlaylistSheet.kt:356:23 Syntax error: Expecting a top lev
el declaration.
e: file:///C:/Users/kasutaja/Documents/Ahti/AndroidProjects/audioloop/app/src/main/ja
va/com/example/audioloop/ui/PlaylistSheet.kt:356:25 Syntax error: Expecting a top lev
el declaration.
e: file:///C:/Users/kasutaja/Documents/Ahti/AndroidProjects/audioloop/app/src/main/ja
va/com/example/audioloop/ui/PlaylistSheet.kt:356:25 Functions which invoke @Composabl
e functions must be marked with the @Composable annotation
e: file:///C:/Users/kasutaja/Documents/Ahti/AndroidProjects/audioloop/app/src/main/ja
va/com/example/audioloop/ui/PlaylistSheet.kt:356:25 Function declaration must have a 
name.
e: file:///C:/Users/kasutaja/Documents/Ahti/AndroidProjects/audioloop/app/src/main/ja
va/com/example/audioloop/ui/PlaylistSheet.kt:357:9 @Composable invocations can only h
appen from the context of a @Composable function
e: file:///C:/Users/kasutaja/Documents/Ahti/AndroidProjects/audioloop/app/src/main/ja
va/com/example/audioloop/ui/PlaylistSheet.kt:358:29 Unresolved reference 'allCategori
es'.
e: file:///C:/Users/kasutaja/Documents/Ahti/AndroidProjects/audioloop/app/src/main/ja
va/com/example/audioloop/ui/PlaylistSheet.kt:359:35 Unresolved reference 'getFilesFor
Category'.
e: file:///C:/Users/kasutaja/Documents/Ahti/AndroidProjects/audioloop/app/src/main/ja
va/com/example/audioloop/ui/PlaylistSheet.kt:362:44 Unresolved reference 'distinct'.
e: file:///C:/Users/kasutaja/Documents/Ahti/AndroidProjects/audioloop/app/src/main/ja
va/com/example/audioloop/ui/PlaylistSheet.kt:366:27 Unresolved reference 'themeColors
'.
e: file:///C:/Users/kasutaja/Documents/Ahti/AndroidProjects/audioloop/app/src/main/ja
va/com/example/audioloop/ui/PlaylistSheet.kt:368:7 Syntax error: Expecting a top leve
l declaration.
e: file:///C:/Users/kasutaja/Documents/Ahti/AndroidProjects/audioloop/app/src/main/ja
va/com/example/audioloop/ui/PlaylistSheet.kt:368:12 Syntax error: Expecting a top lev
el declaration.
e: file:///C:/Users/kasutaja/Documents/Ahti/AndroidProjects/audioloop/app/src/main/ja
va/com/example/audioloop/ui/PlaylistSheet.kt:368:12 Functions which invoke @Composabl
e functions must be marked with the @Composable annotation
e: file:///C:/Users/kasutaja/Documents/Ahti/AndroidProjects/audioloop/app/src/main/ja
va/com/example/audioloop/ui/PlaylistSheet.kt:368:12 Function declaration must have a 
name.
e: file:///C:/Users/kasutaja/Documents/Ahti/AndroidProjects/audioloop/app/src/main/ja
va/com/example/audioloop/ui/PlaylistSheet.kt:369:9 @Composable invocations can only h
appen from the context of a @Composable function
e: file:///C:/Users/kasutaja/Documents/Ahti/AndroidProjects/audioloop/app/src/main/ja
va/com/example/audioloop/ui/PlaylistSheet.kt:380:31 None of the following candidates 
is applicable:
fun verticalGradient(colors: List<Color>, startY: Float = ..., endY: Float = ..., til
eMode: TileMode = ...): Brush
fun verticalGradient(vararg colorStops: Pair<Float, Color>, startY: Float = ..., endY
: Float = ..., tileMode: TileMode = ...): Brush
e: file:///C:/Users/kasutaja/Documents/Ahti/AndroidProjects/audioloop/app/src/main/ja
va/com/example/audioloop/ui/PlaylistSheet.kt:381:36 Unresolved reference 'themeColors
'.
e: file:///C:/Users/kasutaja/Documents/Ahti/AndroidProjects/audioloop/app/src/main/ja
va/com/example/audioloop/ui/PlaylistSheet.kt:393:35 Unresolved reference 'onClose'.
e: file:///C:/Users/kasutaja/Documents/Ahti/AndroidProjects/audioloop/app/src/main/ja
va/com/example/audioloop/ui/PlaylistSheet.kt:416:29 Unresolved reference 'onSave'.
e: file:///C:/Users/kasutaja/Documents/Ahti/AndroidProjects/audioloop/app/src/main/ja
va/com/example/audioloop/ui/PlaylistSheet.kt:417:33 Unresolved reference 'playlist'.
e: file:///C:/Users/kasutaja/Documents/Ahti/AndroidProjects/audioloop/app/src/main/ja
va/com/example/audioloop/ui/PlaylistSheet.kt:430:46 Unresolved reference 'themeColors
'.
e: file:///C:/Users/kasutaja/Documents/Ahti/AndroidProjects/audioloop/app/src/main/ja
va/com/example/audioloop/ui/PlaylistSheet.kt:446:42 Unresolved reference 'it'.
e: file:///C:/Users/kasutaja/Documents/Ahti/AndroidProjects/audioloop/app/src/main/ja
va/com/example/audioloop/ui/PlaylistSheet.kt:453:42 Unresolved reference 'themeColors
'.
e: file:///C:/Users/kasutaja/Documents/Ahti/AndroidProjects/audioloop/app/src/main/ja
va/com/example/audioloop/ui/PlaylistSheet.kt:461:22 None of the following candidates 
is applicable:
fun Modifier.border(width: Dp, color: Color, shape: Shape = ...): Modifier
fun Modifier.border(width: Dp, brush: Brush, shape: Shape): Modifier
e: file:///C:/Users/kasutaja/Documents/Ahti/AndroidProjects/audioloop/app/src/main/ja
va/com/example/audioloop/ui/PlaylistSheet.kt:461:35 Unresolved reference 'themeColors
'.
e: file:///C:/Users/kasutaja/Documents/Ahti/AndroidProjects/audioloop/app/src/main/ja
va/com/example/audioloop/ui/PlaylistSheet.kt:463:35 Cannot infer type for this parame
ter. Please specify it explicitly.
e: file:///C:/Users/kasutaja/Documents/Ahti/AndroidProjects/audioloop/app/src/main/ja
va/com/example/audioloop/ui/PlaylistSheet.kt:464:21 @Composable invocations can only 
happen from the context of a @Composable function
e: file:///C:/Users/kasutaja/Documents/Ahti/AndroidProjects/audioloop/app/src/main/ja
va/com/example/audioloop/ui/PlaylistSheet.kt:465:34 Overload resolution ambiguity bet
ween candidates:
fun <T> Array<out T>.isEmpty(): Boolean
fun BooleanArray.isEmpty(): Boolean
fun ByteArray.isEmpty(): Boolean
fun CharArray.isEmpty(): Boolean
fun DoubleArray.isEmpty(): Boolean
fun FloatArray.isEmpty(): Boolean
fun IntArray.isEmpty(): Boolean
fun LongArray.isEmpty(): Boolean
fun ShortArray.isEmpty(): Boolean
fun CharSequence.isEmpty(): Boolean
e: file:///C:/Users/kasutaja/Documents/Ahti/AndroidProjects/audioloop/app/src/main/ja
va/com/example/audioloop/ui/PlaylistSheet.kt:470:25 Unresolved reference 'innerTextFi
eld'.
e: file:///C:/Users/kasutaja/Documents/Ahti/AndroidProjects/audioloop/app/src/main/ja
va/com/example/audioloop/ui/PlaylistSheet.kt:482:25 Unresolved reference 'themeColors
'.
e: file:///C:/Users/kasutaja/Documents/Ahti/AndroidProjects/audioloop/app/src/main/ja
va/com/example/audioloop/ui/PlaylistSheet.kt:524:75 Unresolved reference 'themeColors
'.
e: file:///C:/Users/kasutaja/Documents/Ahti/AndroidProjects/audioloop/app/src/main/ja
va/com/example/audioloop/ui/PlaylistSheet.kt:524:99 Unresolved reference 'themeColors
'.
e: file:///C:/Users/kasutaja/Documents/Ahti/AndroidProjects/audioloop/app/src/main/ja
va/com/example/audioloop/ui/PlaylistSheet.kt:549:39 None of the following candidates 
is applicable:
fun verticalGradient(colors: List<Color>, startY: Float = ..., endY: Float = ..., til
eMode: TileMode = ...): Brush
fun verticalGradient(vararg colorStops: Pair<Float, Color>, startY: Float = ..., endY
: Float = ..., tileMode: TileMode = ...): Brush
e: file:///C:/Users/kasutaja/Documents/Ahti/AndroidProjects/audioloop/app/src/main/ja
va/com/example/audioloop/ui/PlaylistSheet.kt:549:63 Unresolved reference 'themeColors
'.
e: file:///C:/Users/kasutaja/Documents/Ahti/AndroidProjects/audioloop/app/src/main/ja
va/com/example/audioloop/ui/PlaylistSheet.kt:549:106 Unresolved reference 'themeColor
s'.
e: file:///C:/Users/kasutaja/Documents/Ahti/AndroidProjects/audioloop/app/src/main/ja
va/com/example/audioloop/ui/PlaylistSheet.kt:554:52 Unresolved reference 'themeColors
'.
e: file:///C:/Users/kasutaja/Documents/Ahti/AndroidProjects/audioloop/app/src/main/ja
va/com/example/audioloop/ui/PlaylistSheet.kt:571:67 Unresolved reference 'themeColors
'.
e: file:///C:/Users/kasutaja/Documents/Ahti/AndroidProjects/audioloop/app/src/main/ja
va/com/example/audioloop/ui/PlaylistSheet.kt:571:91 Unresolved reference 'themeColors
'.
e: file:///C:/Users/kasutaja/Documents/Ahti/AndroidProjects/audioloop/app/src/main/ja
va/com/example/audioloop/ui/PlaylistSheet.kt:575:52 Unresolved reference 'not' for op
erator '!'.
e: file:///C:/Users/kasutaja/Documents/Ahti/AndroidProjects/audioloop/app/src/main/ja
va/com/example/audioloop/ui/PlaylistSheet.kt:621:71 Unresolved reference 'themeColors
'.
e: file:///C:/Users/kasutaja/Documents/Ahti/AndroidProjects/audioloop/app/src/main/ja
va/com/example/audioloop/ui/PlaylistSheet.kt:621:95 Unresolved reference 'themeColors
'.
e: file:///C:/Users/kasutaja/Documents/Ahti/AndroidProjects/audioloop/app/src/main/ja
va/com/example/audioloop/ui/PlaylistSheet.kt:669:34 None of the following candidates 
is applicable:
fun Modifier.background(color: Color, shape: Shape = ...): Modifier
fun Modifier.background(brush: Brush, shape: Shape = ..., alpha: Float = ...): Modifi
er
e: file:///C:/Users/kasutaja/Documents/Ahti/AndroidProjects/audioloop/app/src/main/ja
va/com/example/audioloop/ui/PlaylistSheet.kt:669:45 Unresolved reference 'themeColors
'.
e: file:///C:/Users/kasutaja/Documents/Ahti/AndroidProjects/audioloop/app/src/main/ja
va/com/example/audioloop/ui/PlaylistSheet.kt:672:78 Unresolved reference 'themeColors
'.
e: file:///C:/Users/kasutaja/Documents/Ahti/AndroidProjects/audioloop/app/src/main/ja
va/com/example/audioloop/ui/PlaylistSheet.kt:680:42 Unresolved reference 'themeColors
'.
e: file:///C:/Users/kasutaja/Documents/Ahti/AndroidProjects/audioloop/app/src/main/ja
va/com/example/audioloop/ui/PlaylistSheet.kt:681:48 Unresolved reference 'themeColors
'.
e: file:///C:/Users/kasutaja/Documents/Ahti/AndroidProjects/audioloop/app/src/main/ja
va/com/example/audioloop/ui/PlaylistSheet.kt:713:67 Unresolved reference 'themeColors
'.
e: file:///C:/Users/kasutaja/Documents/Ahti/AndroidProjects/audioloop/app/src/main/ja
va/com/example/audioloop/ui/PlaylistSheet.kt:713:91 Unresolved reference 'themeColors
'.
e: file:///C:/Users/kasutaja/Documents/Ahti/AndroidProjects/audioloop/app/src/main/ja
va/com/example/audioloop/ui/PlaylistSheet.kt:737:22 None of the following candidates 
is applicable:
fun Modifier.border(width: Dp, color: Color, shape: Shape = ...): Modifier
fun Modifier.border(width: Dp, brush: Brush, shape: Shape): Modifier
e: file:///C:/Users/kasutaja/Documents/Ahti/AndroidProjects/audioloop/app/src/main/ja
va/com/example/audioloop/ui/PlaylistSheet.kt:739:25 Unresolved reference 'themeColors
'.
e: file:///C:/Users/kasutaja/Documents/Ahti/AndroidProjects/audioloop/app/src/main/ja
va/com/example/audioloop/ui/PlaylistSheet.kt:750:28 Unresolved reference 'themeColors
'.
e: file:///C:/Users/kasutaja/Documents/Ahti/AndroidProjects/audioloop/app/src/main/ja
va/com/example/audioloop/ui/PlaylistSheet.kt:756:29 Unresolved reference 'themeColors
'.
e: file:///C:/Users/kasutaja/Documents/Ahti/AndroidProjects/audioloop/app/src/main/ja
va/com/example/audioloop/ui/PlaylistSheet.kt:763:23 Overload resolution ambiguity bet
ween candidates:
fun <T> Array<out T>.isNotEmpty(): Boolean
fun BooleanArray.isNotEmpty(): Boolean
fun ByteArray.isNotEmpty(): Boolean
fun CharArray.isNotEmpty(): Boolean
fun DoubleArray.isNotEmpty(): Boolean
fun FloatArray.isNotEmpty(): Boolean
fun IntArray.isNotEmpty(): Boolean
fun LongArray.isNotEmpty(): Boolean
fun ShortArray.isNotEmpty(): Boolean
fun <T> Collection<T>.isNotEmpty(): Boolean
fun <K, V> Map<out K, V>.isNotEmpty(): Boolean
fun CharSequence.isNotEmpty(): Boolean
e: file:///C:/Users/kasutaja/Documents/Ahti/AndroidProjects/audioloop/app/src/main/ja
va/com/example/audioloop/ui/PlaylistSheet.kt:765:30 Function invocation 'size(...)' e
xpected.
e: file:///C:/Users/kasutaja/Documents/Ahti/AndroidProjects/audioloop/app/src/main/ja
va/com/example/audioloop/ui/PlaylistSheet.kt:776:34 Overload resolution ambiguity bet
ween candidates:
fun <T> Pair<T, T>.toList(): List<T>
fun <T> Triple<T, T, T>.toList(): List<T>
fun <T> Array<out T>.toList(): List<T>
fun BooleanArray.toList(): List<Boolean>
fun ByteArray.toList(): List<Byte>
fun CharArray.toList(): List<Char>
fun DoubleArray.toList(): List<Double>
fun FloatArray.toList(): List<Float>
fun IntArray.toList(): List<Int>
fun LongArray.toList(): List<Long>
fun ShortArray.toList(): List<Short>
fun <T> Enumeration<T>.toList(): List<T>
fun <T> Iterable<T>.toList(): List<T>
fun <K, V> Map<out K, V>.toList(): List<Pair<K, V>>
fun <T> Sequence<T>.toList(): List<T>
fun CharSequence.toList(): List<Char>
e: file:///C:/Users/kasutaja/Documents/Ahti/AndroidProjects/audioloop/app/src/main/ja
va/com/example/audioloop/ui/PlaylistSheet.kt:857:40 Unresolved reference 'getCategory
ForFile'.
e: file:///C:/Users/kasutaja/Documents/Ahti/AndroidProjects/audioloop/app/src/main/ja
va/com/example/audioloop/ui/PlaylistSheet.kt:858:40 Unresolved reference 'resolveFile
Name'.
e: file:///C:/Users/kasutaja/Documents/Ahti/AndroidProjects/audioloop/app/src/main/ja
va/com/example/audioloop/ui/PlaylistSheet.kt:859:40 Unresolved reference 'resolveFile
Duration'.
e: file:///C:/Users/kasutaja/Documents/Ahti/AndroidProjects/audioloop/app/src/main/ja
va/com/example/audioloop/ui/PlaylistSheet.kt:909:46 None of the following candidates 
is applicable:
fun Modifier.background(color: Color, shape: Shape = ...): Modifier
fun Modifier.background(brush: Brush, shape: Shape = ..., alpha: Float = ...): Modifi
er
e: file:///C:/Users/kasutaja/Documents/Ahti/AndroidProjects/audioloop/app/src/main/ja
va/com/example/audioloop/ui/PlaylistSheet.kt:910:49 Unresolved reference 'themeColors
'.
e: file:///C:/Users/kasutaja/Documents/Ahti/AndroidProjects/audioloop/app/src/main/ja
va/com/example/audioloop/ui/PlaylistSheet.kt:917:53 Unresolved reference 'themeColors
'.
e: file:///C:/Users/kasutaja/Documents/Ahti/AndroidProjects/audioloop/app/src/main/ja
va/com/example/audioloop/ui/PlaylistSheet.kt:932:58 Overload resolution ambiguity bet
ween candidates:
fun <T> Array<out T>.toMutableList(): MutableList<T>
fun BooleanArray.toMutableList(): MutableList<Boolean>
fun ByteArray.toMutableList(): MutableList<Byte>
fun CharArray.toMutableList(): MutableList<Char>
fun DoubleArray.toMutableList(): MutableList<Double>
fun FloatArray.toMutableList(): MutableList<Float>
fun IntArray.toMutableList(): MutableList<Int>
fun LongArray.toMutableList(): MutableList<Long>
fun ShortArray.toMutableList(): MutableList<Short>
fun <T> Collection<T>.toMutableList(): MutableList<T>
fun <T> Iterable<T>.toMutableList(): MutableList<T>
fun <T> Sequence<T>.toMutableList(): MutableList<T>
fun CharSequence.toMutableList(): MutableList<Char>
e: file:///C:/Users/kasutaja/Documents/Ahti/AndroidProjects/audioloop/app/src/main/ja
va/com/example/audioloop/ui/PlaylistSheet.kt:933:46 Unresolved reference 'removeAt'.
e: file:///C:/Users/kasutaja/Documents/Ahti/AndroidProjects/audioloop/app/src/main/ja
va/com/example/audioloop/ui/PlaylistSheet.kt:957:36 Unresolved reference 'getCategory
ForFile'.
e: file:///C:/Users/kasutaja/Documents/Ahti/AndroidProjects/audioloop/app/src/main/ja
va/com/example/audioloop/ui/PlaylistSheet.kt:958:36 Unresolved reference 'resolveFile
Name'.
e: file:///C:/Users/kasutaja/Documents/Ahti/AndroidProjects/audioloop/app/src/main/ja
va/com/example/audioloop/ui/PlaylistSheet.kt:967:30 None of the following candidates 
is applicable:
fun Modifier.background(color: Color, shape: Shape = ...): Modifier
fun Modifier.background(brush: Brush, shape: Shape = ..., alpha: Float = ...): Modifi
er
e: file:///C:/Users/kasutaja/Documents/Ahti/AndroidProjects/audioloop/app/src/main/ja
va/com/example/audioloop/ui/PlaylistSheet.kt:967:41 Unresolved reference 'themeColors
'.
e: file:///C:/Users/kasutaja/Documents/Ahti/AndroidProjects/audioloop/app/src/main/ja
va/com/example/audioloop/ui/PlaylistSheet.kt:970:33 Unresolved reference 'themeColors
'.
e: file:///C:/Users/kasutaja/Documents/Ahti/AndroidProjects/audioloop/app/src/main/ja
va/com/example/audioloop/ui/PlaylistSheet.kt:989:40 Unresolved reference 'themeColors
'.
e: file:///C:/Users/kasutaja/Documents/Ahti/AndroidProjects/audioloop/app/src/main/ja
va/com/example/audioloop/ui/PlaylistSheet.kt:1007:1 Syntax error: Expecting a top lev
el declaration.

FAILURE: Build failed with an exception.

* What went wrong:
Execution failed for task ':app:compileDebugKotlin'.
> A failure occurred while executing org.jetbrains.kotlin.compilerRunner.GradleCompil
erRunnerWithWorkers$GradleKotlinCompilerWorkAction
   > Compilation error. See log for more details

* Try:
> Run with --stacktrace option to get the stack trace.
> Run with --info or --debug option to get more log output.
> Run with --scan to get full insights.
> Get more help at https://help.gradle.org.

BUILD FAILED in 6s
30 actionable tasks: 1 executed, 29 up-to-date
