Configuration on demand is an incubating feature.
> Task :app:checkKotlinGradlePluginConfigurationErrors SKIPPED
> Task :app:preBuild UP-TO-DATE
> Task :app:preDebugBuild UP-TO-DATE
> Task :app:checkDebugAarMetadata UP-TO-DATE
> Task :app:processDebugNavigationResources UP-TO-DATE
> Task :app:compileDebugNavigationResources UP-TO-DATE
> Task :app:generateDebugResValues UP-TO-DATE
> Task :app:mapDebugSourceSetPaths UP-TO-DATE
> Task :app:generateDebugResources UP-TO-DATE
> Task :app:mergeDebugResources UP-TO-DATE
> Task :app:packageDebugResources UP-TO-DATE
> Task :app:parseDebugLocalResources UP-TO-DATE
> Task :app:createDebugCompatibleScreenManifests UP-TO-DATE
> Task :app:extractDeepLinksDebug UP-TO-DATE
> Task :app:processDebugMainManifest UP-TO-DATE
> Task :app:processDebugManifest UP-TO-DATE
> Task :app:processDebugManifestForPackage UP-TO-DATE
> Task :app:processDebugResources UP-TO-DATE

> Task :app:compileDebugKotlin FAILED
./gradlew : e: file:///C:/Users/kasutaja/Documents/Aht
i/AndroidProjects/audioloop/app/src/main/java/com/exam
ple/audioloop/ui/TrimAudioDialog.kt:468:34 Unresolved 
reference 'selectionEndMs'.
At line:1 char:1
+ ./gradlew compileDebugKotlin > build_errors.txt 2>&1
+ ~~~~~~~~~~~~~~~~~~~~~~~~~~~~~~~~~~~~~~~~~~~~~~~~~~~~
    + CategoryInfo          : NotSpecified: (e: file: 
   ///C:/U...electionEndMs'.:String) [], RemoteExcep  
  tion
    + FullyQualifiedErrorId : NativeCommandError
 
e: file:///C:/Users/kasutaja/Documents/Ahti/AndroidPro
jects/audioloop/app/src/main/java/com/example/audioloo
p/ui/TrimAudioDialog.kt:468:51 Unresolved reference 's
electionStartMs'.
e: file:///C:/Users/kasutaja/Documents/Ahti/AndroidPro
jects/audioloop/app/src/main/java/com/example/audioloo
p/ui/TrimAudioDialog.kt:470:48 Unresolved reference 's
electionEndMs'.
e: file:///C:/Users/kasutaja/Documents/Ahti/AndroidPro
jects/audioloop/app/src/main/java/com/example/audioloo
p/ui/TrimAudioDialog.kt:470:65 Unresolved reference 's
electionStartMs'.
e: file:///C:/Users/kasutaja/Documents/Ahti/AndroidPro
jects/audioloop/app/src/main/java/com/example/audioloo
p/ui/TrimAudioDialog.kt:493:48 Unresolved reference 's
electionStartMs'.
e: file:///C:/Users/kasutaja/Documents/Ahti/AndroidPro
jects/audioloop/app/src/main/java/com/example/audioloo
p/ui/TrimAudioDialog.kt:546:48 Unresolved reference 's
electionEndMs'.

FAILURE: Build failed with an exception.

* What went wrong:
Execution failed for task ':app:compileDebugKotlin'.
> A failure occurred while executing org.jetbrains.kot
lin.compilerRunner.GradleCompilerRunnerWithWorkers$Gra
dleKotlinCompilerWorkAction
   > Compilation error. See log for more details

* Try:
> Run with --stacktrace option to get the stack trace.
> Run with --info or --debug option to get more log ou
tput.
> Run with --scan to get full insights.
> Get more help at https://help.gradle.org.

BUILD FAILED in 2s
16 actionable tasks: 1 executed, 15 up-to-date
