> Task :app:checkKotlinGradlePluginConfigurationErrors SKIPPED
> Task :app:preBuild UP-TO-DATE
> Task :app:preDebugBuild UP-TO-DATE
> Task :app:checkDebugAarMetadata UP-TO-DATE
> Task :app:processDebugNavigationResources UP-TO-DATE
> Task :app:compileDebugNavigationResources UP-TO-DATE
> Task :app:generateDebugResValues UP-TO-DATE
> Task :app:mapDebugSourceSetPaths UP-TO-DATE
> Task :app:generateDebugResources UP-TO-DATE
> Task :app:mergeDebugResources UP-TO-DATE
> Task :app:packageDebugResources UP-TO-DATE
> Task :app:parseDebugLocalResources UP-TO-DATE
> Task :app:createDebugCompatibleScreenManifests UP-TO-DATE
> Task :app:extractDeepLinksDebug UP-TO-DATE
> Task :app:processDebugMainManifest UP-TO-DATE
> Task :app:processDebugManifest UP-TO-DATE
> Task :app:processDebugManifestForPackage UP-TO-DATE
> Task :app:processDebugResources UP-TO-DATE
> Task :app:kspDebugKotlin UP-TO-DATE
> Task :app:compileDebugKotlin UP-TO-DATE
> Task :app:javaPreCompileDebug UP-TO-DATE
> Task :app:compileDebugJavaWithJavac UP-TO-DATE
> Task :app:bundleDebugClassesToCompileJar UP-TO-DATE
> Task :app:kspDebugUnitTestKotlin UP-TO-DATE

> Task :app:compileDebugUnitTestKotlin FAILED
./gradlew : e: file:///C:/Users/kasutaja/Documents/Ahti/Android
Projects/audioloop/app/src/test/java/com/example/audioloop/UiSt
ateTest.kt:36:39 Unresolved reference 'currentNavTab'.
At line:1 char:1
+ ./gradlew compileDebugUnitTestKotlin > compile_errors.log 2>&
1
+ ~~~~~~~~~~~~~~~~~~~~~~~~~~~~~~~~~~~~~~~~~~~~~~~~~~~~~~~~~~~~~
~
    + CategoryInfo          : NotSpecified: (e: file:///C:/U.. 
   .currentNavTab'.:String) [], RemoteException
    + FullyQualifiedErrorId : NativeCommandError
 
e: file:///C:/Users/kasutaja/Documents/Ahti/AndroidProjects/aud
ioloop/app/src/test/java/com/example/audioloop/UiStateTest.kt:1
78:35 No parameter with name 'currentNavTab' found.
e: file:///C:/Users/kasutaja/Documents/Ahti/AndroidProjects/aud
ioloop/app/src/test/java/com/example/audioloop/UiStateTest.kt:1
79:41 Unresolved reference 'currentNavTab'.

FAILURE: Build failed with an exception.

* What went wrong:
Execution failed for task ':app:compileDebugUnitTestKotlin'.
> A failure occurred while executing org.jetbrains.kotlin.compi
lerRunner.GradleCompilerRunnerWithWorkers$GradleKotlinCompilerW
orkAction
   > Compilation error. See log for more details

* Try:
> Run with --stacktrace option to get the stack trace.
> Run with --info or --debug option to get more log output.
> Run with --scan to get full insights.
> Get more help at https://help.gradle.org.

BUILD FAILED in 4s
22 actionable tasks: 1 executed, 21 up-to-date
